"Player","Team","Pos","Fantasy Points Pts","Fantasy Points x-Pts","Fantasy Points +/-","Points Per Game PPG","Points Per Game x-PPG","Points Per Game +/-","#G","Receiving Rec","Receiving X-Rec","Receiving Yds","Receiving X-Yds","Receiving TD","Receiving X-TD","Rushing Yds","Rushing X-Yds","Rushing TD","Rushing X-TD"
"Trent Sherfield","BUF","WR","0","6.4","-6.4","0","6.4","-6.4","1","0","1.81","0","24.8","0","0.5088","0","0","0","0"
"Hunter Renfrow","LV","WR","5.8","4.6","1.2000000000000002","5.8","4.6","1.2","1","4","3.1","38","28.61","0","0.0288","0","0","0","0"
"Rhamondre Stevenson","NE","RB","19.2","16.3","2.8999999999999986","19.2","16.3","2.9","1","5","4.61","9","31.5","0","0.0096","98","90.9832","1","0.28"
"Christian McCaffrey","SF","RB","28.4","23.6","4.799999999999997","28.4","23.6","4.8","1","5","4.68","25","37.72","0","0.2496","114","73.863","2","1.44"
"Ty Johnson","BUF","RB","1.9","3.5","-1.6","1.9","3.5","-1.6","1","0","0","0","0","0","0","19","22.9614","0","0.2"
"T.J. Hockenson","MIN","TE","13.5","9.9","3.5999999999999996","13.5","9.9","3.6","1","5","4.18","50","48.41","1","0.4896","0","0","0","0"
"Alec Pierce","IND","WR","4.7","10.1","-5.3999999999999995","4.7","10.1","-5.4","1","4","4.27","27","56.87","0","0.384","0","0","0","0"
"Devin Singletary","HST","RB","10.2","16.9","-6.699999999999999","10.2","16.9","-6.7","1","6","6.17","54","46.38","0","0.1344","18","18.8654","0","1.08"
"Byron Pringle","WAS","WR","3.7","3.1","0.6000000000000001","3.7","3.1","0.6","1","2","1.41","27","23.71","0","0","0","0","0","0"
"Josh Jacobs","LV","RB","20.5","16.4","4.100000000000001","20.5","16.4","4.1","1","4","5.46","15","34.79","0","0.0864","110","87.71","1","0.15"
"Trey McBride","ARZ","TE","9.5","13.5","-4","9.5","13.5","-4","1","7","6.52","60","54.42","0","0.8064","0","0","0","0"
"Nico Collins","HST","WR","19.9","12.8","7.099999999999998","19.9","12.8","7.1","1","7","6.24","104","80.02","1","0.2784","0","0","0","0"
"Zamir White","LV","RB","0","0.5","-0.5","0","0.5","-0.5","1","0","0","0","0","0","0","0","4.851","0","0"
"Elijah Higgins","ARZ","TE","3.1","2.5","0.6000000000000001","3.1","2.5","0.6","1","1","1.38","26","18.23","0","0","0","0","0","0"
"Chigoziem Okonkwo","TEN","TE","6.5","7.1","-0.5999999999999996","6.5","7.1","-0.6","1","4","3.54","45","35.36","0","0.3072","0","0","0","0"
"Ameer Abdullah","LV","RB","1.8","1.5","0.30000000000000004","1.8","1.5","0.3","1","1","0.94","2","5.52","0","0","11","4.704","0","0"
"Samaje Perine","DEN","RB","13.1","8.6","4.5","13.1","8.6","4.5","1","1","0.83","11","6.32","0","0","55","26.0974","1","0.83"
"Austin Hooper","LV","TE","1.9","1.7","0.19999999999999996","1.9","1.7","0.2","1","1","1.34","14","10.1","0","0","0","0","0","0"
"Antonio Gibson","WAS","RB","5.2","6","-0.7999999999999998","5.2","6","-0.8","1","3","3.31","16","16.69","0","0.0096","21","26.0484","0","0.01"
"David Montgomery","DET","RB","13.1","9.2","3.9000000000000004","13.1","9.2","3.9","1","0","0","0","0","0","0","71","59.2312","1","0.55"
"Connor Heyward","PIT","TE","2.1","2","0.10000000000000009","2.1","2","0.1","1","2","1.74","11","11.46","0","0","0","0","0","0"
"Zach Charbonnet","SEA","RB","7.8","11","-3.2","7.8","11","-3.2","1","4","3.62","11","21.15","0","0","47","55.2328","0","0.26"
"Durham Smythe","MIA","TE","1.5","2.9","-1.4","1.5","2.9","-1.4","1","1","2","10","18.13","0","0.0192","0","0","0","0"
"Gabe Davis","BUF","WR","19.5","21.4","-1.8999999999999986","19.5","21.4","-1.9","1","6","5.67","105","91.06","1","1.584","0","0","0","0"
"Ian Thomas","CAR","TE","1.4","1.4","0","1.4","1.4","0","1","1","0.86","9","9.6","0","0","0","0","0","0"
"Tre Tucker","LV","WR","0","1.2","-1.2","0","1.2","-1.2","1","0","0.62","0","8.78","0","0","0","0","0","0"
"Jahmyr Gibbs","DET","RB","9.3","13.3","-4","9.3","13.3","-4","1","4","5.69","19","49.72","0","0","54","47.4026","0","0.13"
"Clyde Edwards-Helaire","KC","RB","0.5","5.3","-4.8","0.5","5.3","-4.8","1","0","0","0","0","0","0","5","8.1736","0","0.75"
"Deebo Samuel","SF","WR","18.9","17.7","1.1999999999999993","18.9","17.7","1.2","1","7","6.55","79","73.28","0","0.48","15","15.3272","1","0.45"
"Brevin Jordan","HST","TE","1.4","1.1","0.2999999999999998","1.4","1.1","0.3","1","1","0.78","9","7.44","0","0","0","0","0","0"
"Jaylen Warren","PIT","RB","7.8","10.2","-2.3999999999999995","7.8","10.2","-2.4","1","3","2.74","13","16.49","0","0.0096","50","55.8894","0","0.26"
"Adam Trautman","DEN","TE","7.3","3.2","4.1","7.3","3.2","4.1","1","1","0.45","8","3.6","1","0.432","0","0","0","0"
"Logan Thomas","WAS","TE","2.5","3.6","-1.1","2.5","3.6","-1.1","1","2","2.6","15","23.03","0","0","0","0","0","0"
"Noah Gray","KC","TE","4.5","4.1","0.40000000000000036","4.5","4.1","0.4","1","3","2.51","30","28.7","0","0","0","0","0","0"
"Chris Olave","NO","WR","14.9","12","2.9000000000000004","14.9","12","2.9","1","7","5.68","114","86.75","0","0.0864","0","0","0","0"
"Scott Miller","ATL","WR","0.9","1.6","-0.7000000000000001","0.9","1.6","-0.7","1","1","0.91","4","3.51","0","0.1248","0","0","0","0"
"Puka Nacua","LA","WR","4.7","15.1","-10.399999999999999","4.7","15.1","-10.4","1","4","5.87","27","71.13","0","0.8352","0","0","0","0"
"Kenneth Gainwell","PHI","RB","4.6","4.2","0.39999999999999947","4.6","4.2","0.4","1","2","2.48","10","20.25","0","0","26","8.575","0","0.02"
"Rico Dowdle","DAL","RB","9.1","3","6.1","9.1","3","6.1","1","1","0.91","15","3.97","1","0.1344","11","12.2794","0","0.02"
"Isaiah Hodgins","NYG","WR","7.7","2.2","5.5","7.7","2.2","5.5","1","1","0.76","12","5.27","1","0.2208","0","0","0","0"
"Rashid Shaheed","NO","WR","1.9","10.9","-9","1.9","10.9","-9","1","2","3.84","9","32.28","0","0.9504","0","0","0","0"
"Devin Duvernay","BLT","WR","0","0.6","-0.6","0","0.6","-0.6","1","0","0","0","0","0","0","0","3.9396","0","0.03"
"Keith Kirkwood","NO","WR","3","3.7","-0.7000000000000002","3","3.7","-0.7","1","2","1.88","20","27.34","0","0","0","0","0","0"
"DeVante Parker","NE","WR","5.7","5.8","-0.09999999999999964","5.7","5.8","-0.1","1","3","3.74","42","33.37","0","0.1056","0","0","0","0"
"Jerome Ford","CLV","RB","9.9","12.6","-2.6999999999999993","9.9","12.6","-2.7","1","4","6.12","14","42.33","0","0.1632","65","41.2482","0","0.04"
"Malik Heath","GB","WR","6.6","4.2","2.3999999999999995","6.6","4.2","2.4","1","4","2.28","46","30.57","0","0","0","0","0","0"
"Amon-Ra St. Brown","DET","WR","14","14.4","-0.40000000000000036","14","14.4","-0.4","1","9","7.65","95","91.77","0","0.24","0","0","0","0"
"Davis Allen","LA","TE","1.1","2.3","-1.1999999999999997","1.1","2.3","-1.2","1","1","0.82","6","3.98","0","0.2496","0","0","0","0"
"Rachaad White","TB","RB","12","10.5","1.5","12","10.5","1.5","1","2","1.84","10","8.17","0","0","100","65.6306","0","0.36"
"Jaxon Smith-Njigba","SEA","WR","5.1","5.8","-0.7000000000000002","5.1","5.8","-0.7","1","2","1.76","41","23.65","0","0.432","0","0","0","0"
"Najee Harris","PIT","RB","15.9","9.2","6.700000000000001","15.9","9.2","6.7","1","0","0","0","0","0","0","99","64.19","1","0.46"
"Isaiah McKenzie","IND","WR","0.3","0.5","-0.2","0.3","0.5","-0.2","1","0","0","0","0","0","0","3","4.7334","0","0"
"Skyy Moore","KC","WR","4.9","4","0.9000000000000004","4.9","4","0.9","1","3","2.54","34","17.14","0","0.1728","0","0","0","0"
"Jalin Hyatt","NYG","WR","13.4","8.8","4.6","13.4","8.8","4.6","1","5","3.06","109","66.29","0","0.1056","0","0","0","0"
"Cade Otton","TB","TE","6.5","5.9","0.5999999999999996","6.5","5.9","0.6","1","4","3.36","45","29.81","0","0.2112","0","0","0","0"
"Jakobi Meyers","LV","WR","17.1","10.1","7.000000000000002","17.1","10.1","7","1","6","5.12","79","59.21","1","0.2016","2","3.9396","0","0"
"Luke Schoonmaker","DAL","TE","1.7","1.7","0","1.7","1.7","0","1","1","1.3","12","10.16","0","0","0","0","0","0"
"Tyler Conklin","NYJ","TE","5.3","4.4","0.8999999999999995","5.3","4.4","0.9","1","4","3.52","33","23.92","0","0.0384","0","0","0","0"
"Jack Stoll","PHI","TE","1.9","2.8","-0.8999999999999999","1.9","2.8","-0.9","1","1","1.71","14","13.75","0","0.096","0","0","0","0"
"Khalil Herbert","CHI","RB","4.8","5","-0.20000000000000018","4.8","5","-0.2","1","2","1.52","14","13.95","0","0","24","26.9206","0","0.03"
"Xavier Hutchinson","HST","WR","3.9","1.7","2.2","3.9","1.7","2.2","1","1","0.46","34","14.42","0","0","0","0","0","0"
"Michael Carter","ARZ","RB","5.4","8.3","-2.9000000000000004","5.4","8.3","-2.9","1","4","4.35","15","29.57","0","0.1536","19","16.1798","0","0.1"
"Calvin Ridley","JAX","WR","17.4","11.2","6.199999999999999","17.4","11.2","6.2","1","5","3.24","89","50.63","1","0.7488","0","0","0","0"
"Tyjae Spears","TEN","RB","1.2","2.9","-1.7","1.2","2.9","-1.7","1","1","1.46","1","13.05","0","0","6","8.9768","0","0"
"Patrick Taylor","GB","RB","2","2.6","-0.6000000000000001","2","2.6","-0.6","1","1","0.86","4","6.34","0","0","11","14.0924","0","0.02"
"Dameon Pierce","HST","RB","2.3","2.8","-0.5","2.3","2.8","-0.5","1","1","0.48","4","2.33","0","0.0192","14","21.9716","0","0"
"Tyreek Hill","MIA","WR","20.9","17.5","3.3999999999999986","20.9","17.5","3.4","1","9","8.95","102","73.41","1","0.864","2","4.6844","0","0"
"Michael Mayer","LV","TE","3.7","3.7","0","3.7","3.7","0","1","2","2.4","27","24.48","0","0.0096","0","0","0","0"
"Brock Wright","DET","TE","1.4","1.1","0.2999999999999998","1.4","1.1","0.3","1","1","0.78","9","7.36","0","0","0","0","0","0"
"Garrett Wilson","NYJ","WR","13.9","13.7","0.20000000000000107","13.9","13.7","0.2","1","7","6.09","44","65.89","1","0.672","0","0","0","0"
"Alvin Kamara","NO","RB","13.9","13.8","0.09999999999999964","13.9","13.8","0.1","1","4","3.99","50","28.61","0","0.2592","69","64.4644","0","0.15"
"Tommy Tremble","CAR","TE","1.2","1.1","0.09999999999999987","1.2","1.1","0.1","1","1","0.76","7","6.88","0","0","0","0","0","0"
"Tutu Atwell","LA","WR","9.1","4.4","4.699999999999999","9.1","4.4","4.7","1","3","1.44","76","32.16","0","0.0768","0","0","0","0"
"Ty Montgomery","NE","WR","0","1","-1","0","1","-1","1","0","0.9","0","5.85","0","0","0","0","0","0"
"Rashee Rice","KC","WR","20.7","12.6","8.1","20.7","12.6","8.1","1","8","7.95","107","71.59","1","0.24","0","0","0","0"
"Tyler Higbee","LA","TE","17.4","10.3","7.099999999999998","17.4","10.3","7.1","1","5","3.82","29","27.29","2","0.9504","0","0","0","0"
"Amari Cooper","CLV","WR","2.6","7.4","-4.800000000000001","2.6","7.4","-4.8","1","2","4.32","16","52.77","0","0","0","0","0","0"
"Jameson Williams","DET","WR","6.1","5.1","1","6.1","5.1","1","1","2","2","51","40.27","0","0.0096","0","0","0","0"
"Julio Jones","PHI","WR","0.5","2.2","-1.7000000000000002","0.5","2.2","-1.7","1","1","1.74","0","13.46","0","0","0","0","0","0"
"Alex Erickson","LAC","WR","2.2","2.7","-0.5","2.2","2.7","-0.5","1","1","1.08","17","21.23","0","0","0","0","0","0"
"DJ Moore","CHI","WR","16.9","15.1","1.799999999999999","16.9","15.1","1.8","1","11","10.13","114","93.79","0","0.1056","0","0","0","0"
"DeVonta Smith","PHI","WR","20.1","15.2","4.900000000000002","20.1","15.2","4.9","1","7","5.29","106","90.13","1","0.5856","0","0","0","0"
"Greg Dortch","ARZ","WR","10.2","12.9","-2.700000000000001","10.2","12.9","-2.7","1","3","5.6","27","71.71","1","0.4896","0","0","0","0"
"Cole Turner","WAS","TE","3.4","1.3","2.0999999999999996","3.4","1.3","2.1","1","1","0.62","29","9.6","0","0","0","0","0","0"
"Jamaal Williams","NO","RB","2","2.9","-0.8999999999999999","2","2.9","-0.9","1","2","1.37","4","5.56","0","0.0384","6","7.4872","0","0.12"
"Sam LaPorta","DET","TE","13.2","14","-0.8000000000000007","13.2","14","-0.8","1","5","5.35","47","61.57","1","0.8544","0","0","0","0"
"George Pickens","PIT","WR","7.3","6.8","0.5","7.3","6.8","0.5","1","3","3.04","58","52.44","0","0.0096","0","0","0","0"
"Trenton Irwin","CIN","WR","3","1.2","1.8","3","1.2","1.8","1","1","0.64","25","8.55","0","0","0","0","0","0"
"Zay Flowers","BLT","WR","20.7","10.8","9.899999999999999","20.7","10.8","9.9","1","5","5.12","25","41.46","1","0.624","37","3.8612","1","0"
"Colby Parkinson","SEA","TE","1.4","1.1","0.2999999999999998","1.4","1.1","0.3","1","1","0.64","9","6.78","0","0.0192","0","0","0","0"
"Andrew Beck","HST","RB","0.6","1.2","-0.6","0.6","1.2","-0.6","1","1","0.86","1","7.47","0","0","0","0","0","0"
"James Cook","BUF","RB","13","17.2","-4.199999999999999","13","17.2","-4.2","1","6","5.98","57","43.03","0","0.0672","43","70.8932","0","0.4"
"Trey Palmer","TB","WR","3.7","6.7","-3","3.7","6.7","-3","1","4","3.98","17","43.78","0","0.048","0","0","0","0"
"Royce Freeman","LA","RB","13.7","7.4","6.299999999999999","13.7","7.4","6.3","1","0","0","0","0","0","0","77","52.2536","1","0.37"
"AJ Dillon","GB","RB","9.6","11.3","-1.700000000000001","9.6","11.3","-1.7","1","3","2.53","38","23.45","0","0","43","55.1838","0","0.36"
"Odell Beckham Jr.","BLT","WR","4.9","7.4","-2.5","4.9","7.4","-2.5","1","3","3.43","34","46.77","0","0.1728","0","0","0","0"
"Marquez Valdes-Scantling","KC","WR","0.4","2","-1.6","0.4","2","-1.6","1","1","0.86","-1","4.41","0","0.1824","0","0","0","0"
"Malcolm Rodriguez","DET","RB","1.1","1.4","-0.2999999999999998","1.1","1.4","-0.3","1","1","0.8","6","9.61","0","0","0","0","0","0"
"C.J. Ham","MIN","RB","1.3","3.6","-2.3","1.3","3.6","-2.3","1","2","2.62","3","23.23","0","0","0","0","0","0"
"David Njoku","CLV","TE","8.9","12.8","-3.9000000000000004","8.9","12.8","-3.9","1","6","6.29","59","68.75","0","0.4704","0","0","0","0"
"Travis Etienne Jr.","JAX","RB","10.6","21.2","-10.6","10.6","21.2","-10.6","1","4","4.38","30","27.32","0","0.0192","56","70.6882","0","1.52"
"Kyren Williams","LA","RB","35.4","22.3","13.099999999999998","35.4","22.3","13.1","1","6","5.2","61","28.76","2","1.144","143","63.896","0","0.6"
"Derrick Henry","TEN","RB","20.1","14.9","5.200000000000001","20.1","14.9","5.2","1","1","0.87","0","5.67","0","0","76","72.6188","2","1.11"
"Darnell Mooney","CHI","WR","1.6","3.7","-2.1","1.6","3.7","-2.1","1","2","2.12","6","24.84","0","0.0288","0","0","0","0"
"Bijan Robinson","ATL","RB","25.8","17.9","7.900000000000002","25.8","17.9","7.9","1","3","4.86","32","39.93","1","0.5376","91","69.678","1","0.21"
"D'Wayne Eskridge","SEA","WR","1","0.5","0.5","1","0.5","0.5","1","0","0","0","0","0","0","10","4.655","0","0"
"Nick Westbrook-Ikhine","TEN","WR","6.1","6","0.09999999999999964","6.1","6","0.1","1","4","3.49","41","42.7","0","0","0","0","0","0"
"Jalen Guyton","LAC","WR","0.9","12.7","-11.799999999999999","0.9","12.7","-11.8","1","1","3.36","4","63.96","0","0.768","0","0","0","0"
"Jake Ferguson","DAL","TE","4","5.2","-1.2000000000000002","4","5.2","-1.2","1","1","1.55","35","44.39","0","0","0","0","0","0"
"Chris Godwin","TB","WR","6","8.7","-2.6999999999999993","6","8.7","-2.7","1","3","3.84","45","41.7","0","0.432","0","0","0","0"
"Curtis Samuel","WAS","WR","14.5","15.4","-0.9000000000000004","14.5","15.4","-0.9","1","9","8.57","100","97.59","0","0.2208","0","0","0","0"
"Jaylen Waddle","MIA","WR","15.4","10.8","4.6","15.4","10.8","4.6","1","8","5.71","114","74.76","0","0.0864","0","0","0","0"
"Stefon Diggs","BUF","WR","16.4","13.1","3.299999999999999","16.4","13.1","3.3","1","6","6.74","74","69.9","1","0.4512","0","0","0","0"
"Josh Reynolds","DET","WR","8.5","6.1","2.4000000000000004","8.5","6.1","2.4","1","2","2.06","15","20.03","1","0.5088","0","0","0","0"
"Zay Jones","JAX","WR","1.5","3.8","-2.3","1.5","3.8","-2.3","1","1","1.34","10","26.56","0","0.0864","0","0","0","0"
"Stone Smartt","LAC","TE","0","1.3","-1.3","0","1.3","-1.3","1","0","0.81","0","9.04","0","0","0","0","0","0"
"D'Andre Swift","PHI","RB","8.9","9.6","-0.6999999999999993","8.9","9.6","-0.7","1","1","0.95","4","4.54","0","0","80","60.0838","0","0.44"
"Demario Douglas","NE","WR","7.9","11.3","-3.4000000000000004","7.9","11.3","-3.4","1","6","7.36","49","69.02","0","0.1152","0","0","0","0"
"John Metchie III","HST","WR","1.1","2.3","-1.1999999999999997","1.1","2.3","-1.2","1","1","1.78","6","14.07","0","0","0","0","0","0"
"Josh Whyle","TEN","TE","1.6","0.9","0.7000000000000001","1.6","0.9","0.7","1","1","0.49","11","6.31","0","0","0","0","0","0"
"Drew Sample","CIN","TE","7.6","2.6","5","7.6","2.6","5","1","1","0.82","11","3.66","1","0.2976","0","0","0","0"
"Jonathan Mingo","CAR","WR","8","8","0","8","8","0","1","4","4.16","60","59.63","0","0","0","0","0","0"
"Raheem Mostert","MIA","RB","21.4","12.6","8.799999999999999","21.4","12.6","8.8","1","0","0.5","0","2.57","0","0","94","83.5842","2","0.62"
"DeAndre Hopkins","TEN","WR","6.4","7.2","-0.7999999999999998","6.4","7.2","-0.8","1","3","3.2","49","55.54","0","0.0096","0","0","0","0"
"Ezekiel Elliott","NE","RB","6.2","5.9","0.2999999999999998","6.2","5.9","0.3","1","2","1.74","6","10.61","0","0","46","38.6022","0","0.01"
"D.K. Metcalf","SEA","WR","4.7","12.4","-7.7","4.7","12.4","-7.7","1","3","5.04","32","85.85","0","0.2112","0","0","0","0"
"JuJu Smith-Schuster","NE","WR","2","4.2","-2.2","2","4.2","-2.2","1","2","2.24","10","25.19","0","0.096","0","0","0","0"
"Darius Slayton","NYG","WR","2.6","3.4","-0.7999999999999998","2.6","3.4","-0.8","1","2","2.05","16","24.12","0","0","0","0","0","0"
"Kalif Raymond","DET","WR","12.1","8","4.1","12.1","8","4.1","1","5","3.6","90","48.48","0","0.1344","6","4.5178","0","0.01"
"Noah Fant","SEA","TE","3.5","2.8","0.7000000000000002","3.5","2.8","0.7","1","2","1.41","25","20.47","0","0","0","0","0","0"
"Dyami Brown","WAS","WR","0","1.5","-1.5","0","1.5","-1.5","1","0","0.39","0","9.94","0","0.048","0","0","0","0"
"Dalton Schultz","HST","TE","0.7","2.6","-1.9000000000000001","0.7","2.6","-1.9","1","1","1.14","2","18.23","0","0.0288","0","0","0","0"
"Christian Kirk","JAX","WR","10.9","8.4","2.5","10.9","8.4","2.5","1","4","4.1","89","57.6","0","0.096","0","0","0","0"
"Cole Kmet","CHI","TE","7.8","7.3","0.5","7.8","7.3","0.5","1","7","5.67","43","44.61","0","0","0","0","0","0"
"Michael Pittman Jr.","IND","WR","15.7","16","-0.3000000000000007","15.7","16","-0.3","1","10","8.82","107","99.72","0","0.2688","0","0","0","0"
"Mitchell Wilcox","CIN","TE","0.6","1","-0.4","0.6","1","-0.4","1","1","0.84","1","5.81","0","0","0","0","0","0"
"Will Mallory","IND","TE","3.9","4.5","-0.6000000000000001","3.9","4.5","-0.6","1","2","2.46","29","26.19","0","0.1152","0","0","0","0"
"Stephen Sullivan","CAR","TE","1.8","0.9","0.9","1.8","0.9","0.9","1","1","0.48","13","6.26","0","0","0","0","0","0"
"Romeo Doubs","GB","WR","5.2","5.5","-0.2999999999999998","5.2","5.5","-0.3","1","3","2.84","37","38.11","0","0.048","0","0","0","0"
"Javonte Williams","DEN","RB","8.6","15.7","-7.1","8.6","15.7","-7.1","1","3","4.53","6","30.99","0","0.0096","65","78.6058","0","0.41"
"Luke Farrell","JAX","TE","7","8.2","-1.1999999999999993","7","8.2","-1.2","1","3","3.65","55","37.23","0","0.4416","0","0","0","0"
"Keenan Allen","LAC","WR","17.1","18.8","-1.6999999999999993","17.1","18.8","-1.7","1","13","11.02","108","125.78","0","0.1152","-2","0","0","0"
"Saquon Barkley","NYG","RB","5.7","8.1","-2.3999999999999995","5.7","8.1","-2.4","1","1","1.85","6","10.57","0","0.0192","46","53.557","0","0.11"
"Lynn Bowden","NO","WR","4","2.3","1.7000000000000002","4","2.3","1.7","1","0","0.57","0","10.44","0","0","40","8.918","0","0.02"
"Brian Robinson","WAS","RB","7.4","10.1","-2.6999999999999993","7.4","10.1","-2.7","1","2","2.83","11","13.4","0","0.0672","53","66.4146","0","0.05"
"Matt Breida","NYG","RB","2.1","1.9","0.20000000000000018","2.1","1.9","0.2","1","1","0.81","10","5.02","0","0","6","7.1932","0","0.04"
"Elijah Moore","CLV","WR","5","12.6","-7.6","5","12.6","-7.6","1","3","4.31","44","66.13","0","0.5664","-9","4.6648","0","0"
"Ja'Marr Chase","CIN","WR","10.1","7.3","2.8","10.1","7.3","2.8","1","4","3.65","81","48.1","0","0.1056","0","0","0","0"
"Tyler Allgeier","ATL","RB","6.4","4.6","1.8000000000000007","6.4","4.6","1.8","1","0","0","0","0","0","0","64","44.6488","0","0.03"
"Keaton Mitchell","BLT","RB","9.9","6.7","3.2","9.9","6.7","3.2","1","2","1.74","25","16.45","0","0","64","39.102","0","0.04"
"Justice Hill","BLT","RB","3.1","6.6","-3.4999999999999996","3.1","6.6","-3.5","1","0","0.76","0","6.04","0","0","31","15.0332","0","0.69"
"Olamide Zaccheaus","PHI","WR","9.4","2.8","6.6000000000000005","9.4","2.8","6.6","1","1","0.31","29","8.99","1","0.2976","0","0","0","0"
"Justin Watson","KC","WR","6.8","5.3","1.5","6.8","5.3","1.5","1","1","1","3","14.21","1","0.5664","0","0","0","0"
"Kyle Philips","TEN","WR","0.2","2.2","-2","0.2","2.2","-2","1","1","1.49","-3","14.09","0","0","0","0","0","0"
"Michael Gallup","DAL","WR","1.8","1.2","0.6000000000000001","1.8","1.2","0.6","1","1","0.63","13","9.02","0","0","0","0","0","0"
"CeeDee Lamb","DAL","WR","13.3","17.8","-4.5","13.3","17.8","-4.5","1","4","4.7","53","84.29","1","1.0848","0","4.8412","0","0"
"Christian Watson","GB","WR","17.9","11.2","6.699999999999999","17.9","11.2","6.7","1","5","2.88","94","54.29","1","0.72","0","0","0","0"
"Jalen Tolbert","DAL","WR","5.9","5.1","0.8000000000000007","5.9","5.1","0.8","1","2","1.3","49","37.73","0","0.1152","0","0","0","0"
"Tony Pollard","DAL","RB","19.3","14.3","5","19.3","14.3","5","1","6","5.25","24","40.98","0","0.0288","79","58.604","1","0.25"
"Gus Edwards","BLT","RB","4.2","4.8","-0.5999999999999996","4.2","4.8","-0.6","1","1","0.82","11","8.68","0","0","26","34.4176","0","0.01"
"Quentin Johnston","LAC","WR","1.2","2.6","-1.4000000000000001","1.2","2.6","-1.4","1","1","1.76","7","17.44","0","0","0","0","0","0"
"Marquise Brown","ARZ","WR","11.8","15.2","-3.3999999999999986","11.8","15.2","-3.4","1","6","7.12","88","107.13","0","0.1536","0","0","0","0"
"Ray-Ray McCloud III","SF","WR","2.8","1.5","1.2999999999999998","2.8","1.5","1.3","1","1","0.73","23","11.58","0","0","0","0","0","0"
"Rondale Moore","ARZ","WR","4.5","3.3","1.2000000000000002","4.5","3.3","1.2","1","2","1.81","35","22.32","0","0.0192","0","0","0","0"
"Daniel Bellinger","NYG","TE","1.3","1.1","0.19999999999999996","1.3","1.1","0.2","1","1","0.84","8","6.6","0","0","0","0","0","0"
"Terry McLaurin","WAS","WR","7","15.1","-8.1","7","15.1","-8.1","1","4","7.25","50","106.62","0","0.1344","0","0","0","0"
"Brandin Cooks","DAL","WR","15.2","9.6","5.6","15.2","9.6","5.6","1","4","3.06","72","52.18","1","0.4704","0","0","0","0"
"Van Jefferson","ATL","WR","1.8","3.6","-1.8","1.8","3.6","-1.8","1","1","1.23","13","27.37","0","0.048","0","0","0","0"
"Brandon Powell","MIN","WR","6.2","4.4","1.7999999999999998","6.2","4.4","1.8","1","3","2.22","45","28.39","0","0","2","4.5472","0","0"
"Jeremy Ruckert","NYJ","TE","2.8","3.7","-0.9000000000000004","2.8","3.7","-0.9","1","2","3.08","18","21.42","0","0","0","0","0","0"
"Ty Chandler","MIN","RB","1.6","3.9","-2.3","1.6","3.9","-2.3","1","1","1.91","3","11.67","0","0","8","18.0614","0","0"
"Tyquan Thornton","NE","WR","3.2","5.2","-2","3.2","5.2","-2","1","2","2.96","19","27.45","0","0.0672","3","3.7632","0","0.03"
"Tyler Boyd","CIN","WR","3.8","5","-1.2000000000000002","3.8","5","-1.2","1","3","3.37","23","31.84","0","0.0192","0","0","0","0"
"Tanner Hudson","CIN","TE","3.8","4.2","-0.40000000000000036","3.8","4.2","-0.4","1","4","2.98","18","27.37","0","0","0","0","0","0"
"Cooper Kupp","LA","WR","3.3","6.8","-3.5","3.3","6.8","-3.5","1","3","3.57","18","29.83","0","0.336","0","0","0","0"
"Joshua Kelley","LAC","RB","2.4","3.6","-1.2000000000000002","2.4","3.6","-1.2","1","2","1.87","6","6.26","0","0.1248","8","11.1524","0","0.03"
"Chase Edmonds","TB","RB","1.1","0.5","0.6000000000000001","1.1","0.5","0.6","1","0","0","0","0","0","0","11","4.8412","0","0"
"Jason Brownlee","NYJ","WR","3","4.7","-1.7000000000000002","3","4.7","-1.7","1","2","1.76","20","24.86","0","0.2304","0","0","0","0"
"Isaiah Likely","BLT","TE","6","4","2","6","4","2","1","4","3.51","40","22.25","0","0","0","0","0","0"
"Isiah Pacheco","KC","RB","23.4","19.1","4.299999999999997","23.4","19.1","4.3","1","5","4.58","34","22.47","0","0.1056","55","56.8212","2","1.37"
"Chris Moore","TEN","WR","5.7","6.2","-0.5","5.7","6.2","-0.5","1","3","2.4","41","45.79","0","0","1","4.3806","0","0"
"Chuba Hubbard","CAR","RB","17.7","16.1","1.5999999999999979","17.7","16.1","1.6","1","5","4.34","47","31.64","0","0.0096","45","55.2818","1","0.86"
"Kyle Pitts","ATL","TE","3.2","2.9","0.30000000000000027","3.2","2.9","0.3","1","2","1.45","22","21.34","0","0.0096","0","0","0","0"
"Demarcus Robinson","LA","WR","2.3","1.8","0.4999999999999998","2.3","1.8","0.5","1","2","1.34","13","11.6","0","0","0","0","0","0"
"Mo Alie-Cox","IND","TE","3.5","1.9","1.6","3.5","1.9","1.6","1","1","0.71","30","14.79","0","0.0192","0","0","0","0"
"Latavius Murray","BUF","RB","6.3","9","-2.7","6.3","9","-2.7","1","3","3.79","18","28.69","0","0.0096","30","38.7786","0","0.05"
"Miles Sanders","CAR","RB","2.8","7.7","-4.9","2.8","7.7","-4.9","1","0","0.96","0","5.07","0","0.0192","28","64.9348","0","0.02"
"Ihmir Smith-Marsette","CAR","WR","1.9","1.2","0.7","1.9","1.2","0.7","1","1","0.86","14","7.42","0","0","0","0","0","0"
"Allen Robinson II","PIT","WR","1.6","1.1","0.5","1.6","1.1","0.5","1","1","0.89","11","6.76","0","0","0","0","0","0"
"Emari Demercado","ARZ","RB","1.5","1.4","0.10000000000000009","1.5","1.4","0.1","1","0","0","0","0","0","0","15","13.4848","0","0.01"
"Wan'Dale Robinson","NYG","WR","4.6","6","-1.4000000000000004","4.6","6","-1.4","1","4","3.76","26","27.82","0","0.2304","0","0","0","0"
"Jonathan Taylor","IND","RB","21.1","14.3","6.800000000000001","21.1","14.3","6.8","1","0","0","0","0","0","0","91","55.1058","2","1.46"
"Nelson Agholor","BLT","WR","2.6","4.4","-1.8000000000000003","2.6","4.4","-1.8","1","1","2.13","21","33.07","0","0.0096","0","0","0","0"
"Tank Dell","HST","WR","14.7","12.9","1.799999999999999","14.7","12.9","1.8","1","5","3.87","50","60.51","1","0.7488","12","4.655","0","0"
"Payne Durham","TB","TE","1.7","1.6","0.09999999999999987","1.7","1.6","0.1","1","1","0.46","12","3.49","0","0.1728","0","0","0","0"
"Jake Bobo","SEA","WR","1.1","1.3","-0.19999999999999996","1.1","1.3","-0.2","1","1","0.8","6","8.81","0","0","0","0","0","0"
"Irv Smith Jr.","CIN","TE","1.8","2.8","-0.9999999999999998","1.8","2.8","-1","1","2","1.7","8","13.52","0","0.096","0","0","0","0"
"Sterling Shepard","NYG","WR","1.1","4","-2.9","1.1","4","-2.9","1","1","2.12","6","25.84","0","0.0672","0","0","0","0"
"DJ Chark Jr.","CAR","WR","4.9","4.3","0.6000000000000005","4.9","4.3","0.6","1","3","2.57","34","29.74","0","0","0","0","0","0"
"Jaleel McLaughlin","DEN","RB","0.4","0.9","-0.5","0.4","0.9","-0.5","1","0","0","0","0","0","0","4","8.8984","0","0.01"
"Robert Woods","HST","WR","5","4","1","5","4","1","1","2","1.69","40","30.57","0","0.0096","0","0","0","0"
"Jahan Dotson","WAS","WR","7.7","7.4","0.2999999999999998","7.7","7.4","0.3","1","5","4.06","52","49.34","0","0.0672","0","0","0","0"
"Davante Adams","LV","WR","9.8","9.3","0.5","9.8","9.3","0.5","1","5","4.33","73","59.97","0","0.192","0","0","0","0"
"Breece Hall","NYJ","RB","8.4","13.3","-4.9","8.4","13.3","-4.9","1","7","7.63","24","48.15","0","0.2112","25","30.3898","0","0.06"
"Mike Gesicki","NE","TE","0","1.8","-1.8","0","1.8","-1.8","1","0","1.14","0","11.91","0","0","0","0","0","0"
"Drake London","ATL","WR","11.6","8.6","3","11.6","8.6","3","1","5","4.3","91","64.1","0","0","0","0","0","0"
"Zack Moss","IND","RB","8","7.2","0.7999999999999998","8","7.2","0.8","1","2","2.68","15","20.4","0","0","55","35.525","0","0.05"
"Boston Scott","PHI","RB","1.4","1.9","-0.5","1.4","1.9","-0.5","1","0","0.98","0","4.36","0","0","14","9.4962","0","0"
"Taysom Hill","NO","TE","9.1","6.2","2.8999999999999995","9.1","6.2","2.9","1","2","1.27","55","20.34","0","0","26","32.4968","0","0.05"
"George Kittle","SF","TE","3.4","7.1","-3.6999999999999997","3.4","7.1","-3.7","1","3","3.41","19","46.56","0","0.1248","0","0","0","0"
"Dalvin Cook","NYJ","RB","3.1","3.9","-0.7999999999999998","3.1","3.9","-0.8","1","2","2.69","19","21.23","0","0.0096","2","4.2434","0","0"
"DeeJay Dallas","SEA","RB","2","1.9","0.10000000000000009","2","1.9","0.1","1","1","0.8","5","5.17","0","0","10","9.0454","0","0.01"
"Adam Thielen","CAR","WR","0.7","4.5","-3.8","0.7","4.5","-3.8","1","1","2.24","2","33.3","0","0","0","0","0","0"
"James Conner","ARZ","RB","5.2","11.6","-6.3999999999999995","5.2","11.6","-6.4","1","4","3.93","5","25.56","0","0.2976","27","24.3432","0","0.47"
"Parris Campbell","NYG","WR","0.3","1.2","-0.8999999999999999","0.3","1.2","-0.9","1","1","0.92","-2","4.29","0","0.0576","0","0","0","0"
"Zach Evans","LA","RB","0.6","1.6","-1","0.6","1.6","-1","1","0","0","0","0","0","0","6","14.2982","0","0.03"
"Travis Kelce","KC","TE","12.1","10.8","1.299999999999999","12.1","10.8","1.3","1","6","4.99","91","73.02","0","0.1632","0","0","0","0"
"Darrynton Evans","MIA","RB","1.6","0.9","0.7000000000000001","1.6","0.9","0.7","1","0","0","0","0","0","0","16","9.3884","0","0"
"Marvin Mims Jr.","DEN","WR","4.5","4.6","-0.09999999999999964","4.5","4.6","-0.1","1","2","2","24","26.02","0","0.0672","11","3.9886","0","0.03"
"Harrison Bryant","CLV","TE","6.7","5.6","1.1000000000000005","6.7","5.6","1.1","1","1","0.8","2","1.6","1","0.768","0","3.9494","0","0"
"Cordarrelle Patterson","ATL","RB","4.3","4","0.2999999999999998","4.3","4","0.3","1","0","0","0","0","0","0","43","36.015","0","0.07"
"Chris Rodriguez Jr.","WAS","RB","2.1","2","0.10000000000000009","2.1","2","0.1","1","0","0","0","0","0","0","21","18.914","0","0.01"
"Joe Mixon","CIN","RB","7","6.5","0.5","7","6.5","0.5","1","2","1.8","44","10.04","0","0.1248","16","35.7896","0","0.04"
"A.T. Perry","NO","WR","1.2","4.2","-3","1.2","4.2","-3","1","1","1.16","7","10.48","0","0.4224","0","0","0","0"
"Nick Bawden","NYJ","RB","1.1","1.1","0","1.1","1.1","0","1","1","0.88","6","6.1","0","0","0","0","0","0"
"Mike Evans","TB","WR","22","19.7","2.3000000000000007","22","19.7","2.3","1","6","5.21","70","73.02","2","1.632","0","0","0","0"
"Pat Freiermuth","PIT","TE","16.5","15.3","1.1999999999999993","16.5","15.3","1.2","1","9","7.53","120","95.7","0","0.3264","0","0","0","0"
"Kayshon Boutte","NE","WR","1.3","2.4","-1.0999999999999999","1.3","2.4","-1.1","1","1","1.16","8","18.09","0","0","0","0","0","0"
"Kareem Hunt","CLV","RB","2.2","6.4","-4.2","2.2","6.4","-4.2","1","0","0","0","0","0","0","22","24.3922","0","0.66"
"Lil'Jordan Humphrey","DEN","WR","1.8","1.2","0.6000000000000001","1.8","1.2","0.6","1","1","0.85","13","8.23","0","0","0","0","0","0"
"Roschon Johnson","CHI","RB","9.5","11.2","-1.6999999999999993","9.5","11.2","-1.7","1","4","3.56","40","25.17","0","0.24","35","48.853","0","0.1"
"Josh Downs","IND","WR","6.8","18.5","-11.7","6.8","18.5","-11.7","1","5","9.06","43","76.54","0","1.0464","0","0","0","0"
"Jerry Jeudy","DEN","WR","2.1","5.1","-2.9999999999999996","2.1","5.1","-3","1","2","2.18","11","16.19","0","0.4032","0","0","0","0"
"Laviska Shenault Jr.","CAR","WR","1.3","1.2","0.10000000000000009","1.3","1.2","0.1","1","1","0.82","8","8.26","0","0","0","0","0","0"
"Gerald Everett","LAC","TE","12.3","7.3","5.000000000000001","12.3","7.3","5","1","4","2.87","43","26.63","1","0.5376","0","0","0","0"
"Charlie Woerner","SF","TE","1.4","1.2","0.19999999999999996","1.4","1.2","0.2","1","1","0.87","9","7.99","0","0","0","0","0","0"
"D'Ernest Johnson","JAX","RB","6.6","6.4","0.1999999999999993","6.6","6.4","0.2","1","1","1.65","42","13.89","0","0","19","29.2138","0","0.21"
"Jauan Jennings","SF","WR","1.2","2.6","-1.4000000000000001","1.2","2.6","-1.4","1","1","0.91","7","11.14","0","0.1728","0","0","0","0"
"Dalton Kincaid","BUF","TE","6.3","7.6","-1.2999999999999998","6.3","7.6","-1.3","1","5","4.57","38","50.63","0","0.048","0","0","0","0"
"Andrei Iosivas","CIN","WR","2.1","2.7","-0.6000000000000001","2.1","2.7","-0.6","1","1","1.29","16","17.1","0","0.0576","0","0","0","0"
"Diontae Johnson","PIT","WR","7","12.8","-5.800000000000001","7","12.8","-5.8","1","4","4.58","50","56.93","0","0.7968","0","0","0","0"
"Jayden Reed","GB","WR","13","10.1","2.9000000000000004","13","10.1","2.9","1","4","4.61","34","52.35","1","0.2496","16","8.6534","0","0.03"
"Juwan Johnson","NO","TE","6.5","8","-1.5","6.5","8","-1.5","1","4","4.35","45","43.7","0","0.24","0","0","0","0"
"Evan Engram","JAX","TE","7.4","12.4","-5","7.4","12.4","-5","1","5","6.03","49","61.73","0","0.528","0","0","0","0"
"Austin Ekeler","LAC","RB","8.9","13.6","-4.699999999999999","8.9","13.6","-4.7","1","5","5.04","32","27.79","0","0.3648","32","39.8076","0","0.35"
"David Bell","CLV","WR","0","0.9","-0.9","0","0.9","-0.9","1","0","0.74","0","5.56","0","0","0","0","0","0"
"Tyler Lockett","SEA","WR","4.5","7.7","-3.2","4.5","7.7","-3.2","1","3","3.01","30","41.1","0","0.3456","0","0","0","0"
"Tank Bigsby","JAX","RB","0.6","0.5","0.09999999999999998","0.6","0.5","0.1","1","0","0","0","0","0","0","6","4.8902","0","0"
"Cedric Tillman","CLV","WR","7.5","7.6","-0.09999999999999964","7.5","7.6","-0.1","1","4","2.98","55","35.63","0","0.4224","0","0","0","0"
"Rashod Bateman","BLT","WR","3.1","5.5","-2.4","3.1","5.5","-2.4","1","2","3.03","21","37.57","0","0.0384","0","0","0","0"
"Braxton Berrios","MIA","WR","0","1.1","-1.1","0","1.1","-1.1","1","0","0.79","0","6.91","0","0","0","0","0","0"
"Darnell Washington","PIT","TE","1.5","1.3","0.19999999999999996","1.5","1.3","0.2","1","1","0.82","10","8.68","0","0","0","0","0","0"
"K.J. Osborn","MIN","WR","4.9","4.9","0","4.9","4.9","0","1","3","2.84","34","34.21","0","0.0096","0","0","0","0"
"Will Dissly","SEA","TE","2.6","1.5","1.1","2.6","1.5","1.1","1","1","0.81","21","11.2","0","0","0","0","0","0"
"Tucker Kraft","GB","TE","8.5","4.4","4.1","8.5","4.4","4.1","1","2","1.6","15","9.7","1","0.4416","0","0","0","0"
"Alexander Mattison","MIN","RB","7.3","6.9","0.39999999999999947","7.3","6.9","0.4","1","2","1.85","11","10.1","0","0.0288","52","46.6382","0","0.02"
"KaVontae Turpin","DAL","WR","9.9","2","7.9","9.9","2","7.9","1","1","0.21","34","7.14","1","0.2016","0","0","0","0"
"Jeff Wilson Jr.","MIA","RB","8.8","7.9","0.9000000000000004","8.8","7.9","0.9","1","3","2.31","17","13.61","0","0","56","51.2246","0","0.04"
"A.J. Brown","PHI","WR","12.2","11.4","0.7999999999999989","12.2","11.4","0.8","1","5","5.92","37","49.45","1","0.576","0","0","0","0"
"Xavier Gipson","NYJ","WR","2.5","3.9","-1.4","2.5","3.9","-1.4","1","2","1.55","15","11.52","0","0.3264","0","0","0","0"
"Courtland Sutton","DEN","WR","7.6","10.4","-2.8000000000000007","7.6","10.4","-2.8","1","3","3.43","61","52.11","0","0.5856","0","0","0","0"
"Calvin Austin III","PIT","WR","1","1.2","-0.19999999999999996","1","1.2","-0.2","1","1","0.76","5","7.71","0","0","0","0","0","0"
"Elijah Mitchell","SF","RB","4.1","4.4","-0.3000000000000007","4.1","4.4","-0.3","1","1","0.95","-3","5.51","0","0.0096","39","31.3796","0","0.03"
"Khalil Shakir","BUF","WR","6.2","5.5","0.7000000000000002","6.2","5.5","0.7","1","3","3.43","47","36.94","0","0.0096","0","0","0","0"
"Brandon Aiyuk","SF","WR","12","7","5","12","7","5","1","2","1.82","50","36.22","1","0.4128","0","0","0","0"
"Derius Davis","LAC","WR","0.6","2.4","-1.7999999999999998","0.6","2.4","-1.8","1","1","0.86","2","5.21","0","0.0384","-1","8.0458","0","0.07"
"Jalen Brooks","DAL","WR","2.9","1.4","1.5","2.9","1.4","1.5","1","1","0.47","24","11.44","0","0","0","0","0","0"
"Jordan Addison","MIN","WR","6.9","14.9","-8","6.9","14.9","-8","1","6","6.53","39","104.89","0","0.192","0","0","0","0"
"Keith Smith","ATL","RB","1.1","1.2","-0.09999999999999987","1.1","1.2","-0.1","1","1","0.83","6","8.22","0","0","0","0","0","0"
"Ben Skowronek","LA","WR","0.4","1.1","-0.7000000000000001","0.4","1.1","-0.7","1","1","0.91","-1","6.71","0","0","0","0","0","0"