"Player","Team","Pos","Fantasy Points Pts","Fantasy Points x-Pts","Fantasy Points +/-","Points Per Game PPG","Points Per Game x-PPG","Points Per Game +/-","#G","Receiving Rec","Receiving X-Rec","Receiving Yds","Receiving X-Yds","Receiving TD","Receiving X-TD","Rushing Yds","Rushing X-Yds","Rushing TD","Rushing X-TD"
"Trent Sherfield","BUF","WR","1","0.6","0.4","1","0.6","0.4","1","1","0.5","5","3.45","0","0","0","0","0","0"
"Ben Sims","GB","TE","0.7","1.1","-0.40000000000000013","0.7","1.1","-0.4","1","1","0.88","2","6.78","0","0","0","0","0","0"
"Hunter Renfrow","LV","WR","2.4","4.7","-2.3000000000000003","2.4","4.7","-2.3","1","2","2.24","14","24.43","0","0.1824","0","0","0","0"
"Rhamondre Stevenson","NE","RB","11.5","12.1","-0.5999999999999996","11.5","12.1","-0.6","1","6","5.27","51","37.84","0","0.192","34","37.8084","0","0.13"
"Christian McCaffrey","SF","RB","23.2","13.3","9.899999999999999","23.2","13.3","9.9","1","3","2.6","51","17.05","1","0.0096","46","58.1924","1","0.74"
"T.J. Hockenson","MIN","TE","14.1","13.3","0.7999999999999989","14.1","13.3","0.8","1","11","8.64","86","89.54","0","0","0","0","0","0"
"Alec Pierce","IND","WR","6.8","4.6","2.2","6.8","4.6","2.2","1","3","1.96","53","35.15","0","0.0192","0","0","0","0"
"Byron Pringle","WAS","WR","2.1","1.9","0.20000000000000018","2.1","1.9","0.2","1","1","0.71","16","15.91","0","0","0","0","0","0"
"Josh Jacobs","LV","RB","4.6","13.8","-9.200000000000001","4.6","13.8","-9.2","1","1","3.09","6","23.28","0","0.528","35","48.3924","0","0.32"
"Trey McBride","ARZ","TE","4.4","7.9","-3.5","4.4","7.9","-3.5","1","3","4.97","29","50.39","0","0.0672","0","0","0","0"
"Zamir White","LV","RB","4.3","5.5","-1.2000000000000002","4.3","5.5","-1.2","1","3","2.47","26","21.12","0","0.0864","2","7.3598","0","0.15"
"Elijah Higgins","ARZ","TE","0.5","0.2","0.3","0.5","0.2","0.3","1","1","0.5","0","-0.09","0","0","0","0","0","0"
"Samaje Perine","DEN","RB","5.6","4.6","1","5.6","4.6","1","1","3","2.62","31","22.89","0","0","10","9.065","0","0.01"
"Austin Hooper","LV","TE","2.8","2.2","0.5999999999999996","2.8","2.2","0.6","1","2","1.67","18","13.22","0","0","0","0","0","0"
"Antonio Gibson","WAS","RB","4.1","2.7","1.3999999999999995","4.1","2.7","1.4","1","2","1.86","24","6.2","0","0","7","8.624","0","0.04"
"Connor Heyward","PIT","TE","3.3","4.2","-0.9000000000000004","3.3","4.2","-0.9","1","2","2.03","23","22.76","0","0.144","0","0","0","0"
"Gabe Davis","BUF","WR","1.1","6.4","-5.300000000000001","1.1","6.4","-5.3","1","1","1.54","6","15.97","0","0.672","0","0","0","0"
"Tre Tucker","LV","WR","2.8","4.5","-1.7000000000000002","2.8","4.5","-1.7","1","2","2.15","16","22.97","0","0.1056","2","4.8118","0","0.01"
"Jahmyr Gibbs","DET","RB","23.1","18.3","4.800000000000001","23.1","18.3","4.8","1","9","8.66","58","58.87","0","0.3552","68","47.5496","1","0.2"
"Rakim Jarrett","TB","WR","0","2.5","-2.5","0","2.5","-2.5","1","0","0.26","0","16.38","0","0.1248","0","0","0","0"
"Salvon Ahmed","MIA","RB","0.8","3.5","-2.7","0.8","3.5","-2.7","1","1","1.36","0","18.42","0","0.0096","3","8.3692","0","0.02"
"Clyde Edwards-Helaire","KC","RB","0.5","1.5","-1","0.5","1.5","-1","1","0","0.86","0","2.17","0","0","5","8.7024","0","0"
"Jaylen Warren","PIT","RB","9.6","5.2","4.3999999999999995","9.6","5.2","4.4","1","1","1.87","-1","10.58","0","0","32","25.8818","1","0.1"
"Adam Trautman","DEN","TE","1","2.8","-1.7999999999999998","1","2.8","-1.8","1","1","1.33","5","20.95","0","0","0","0","0","0"
"Joshua Palmer","LAC","WR","15.8","10.6","5.200000000000001","15.8","10.6","5.2","1","5","4.42","133","76.87","0","0.1248","0","0","0","0"
"Tyler Scott","CHI","WR","4.3","4.4","-0.10000000000000053","4.3","4.4","-0.1","1","2","1.95","19","24.86","0","0.0096","14","7.8204","0","0.02"
"Logan Thomas","WAS","TE","7.1","6.1","1","7.1","6.1","1","1","4","3.98","51","40.94","0","0","0","0","0","0"
"Noah Gray","KC","TE","1.3","1.4","-0.09999999999999987","1.3","1.4","-0.1","1","1","0.74","8","8.49","0","0.0288","0","0","0","0"
"Chris Olave","NO","WR","9.2","18.1","-8.900000000000002","9.2","18.1","-8.9","1","7","8.82","57","95.46","0","0.6912","0","0","0","0"
"Scott Miller","ATL","WR","5.1","1.9","3.1999999999999997","5.1","1.9","3.2","1","1","0.35","46","16.75","0","0","0","0","0","0"
"Tim Jones","JAX","WR","2.7","2.2","0.5","2.7","2.2","0.5","1","2","1.57","17","13.79","0","0","0","0","0","0"
"Puka Nacua","LA","WR","19.4","14.2","5.199999999999999","19.4","14.2","5.2","1","8","8.19","154","96.36","0","0.0768","0","0","0","0"
"Kenneth Gainwell","PHI","RB","7.6","7.1","0.5","7.6","7.1","0.5","1","0","0","0","0","0","0","16","30.4486","1","0.68"
"Jesper Horsted","LV","TE","0.9","1.1","-0.20000000000000007","0.9","1.1","-0.2","1","1","0.86","4","6.32","0","0","0","0","0","0"
"Isaiah Hodgins","NYG","WR","2.3","3","-0.7000000000000002","2.3","3","-0.7","1","2","2.33","13","18.09","0","0","0","0","0","0"
"Rashid Shaheed","NO","WR","5.2","10.4","-5.2","5.2","10.4","-5.2","1","4","4.97","28","52.88","0","0.3648","4","4.8804","0","0"
"Marquise Goodwin","CLV","WR","2.8","3.1","-0.30000000000000027","2.8","3.1","-0.3","1","1","1.31","6","19.61","0","0","17","3.381","0","0.03"
"DeVante Parker","NE","WR","1.3","1.5","-0.19999999999999996","1.3","1.5","-0.2","1","1","0.75","8","7.61","0","0.0672","0","0","0","0"
"Jerome Ford","CLV","RB","16.4","9.7","6.699999999999999","16.4","9.7","6.7","1","2","3.51","20","29.29","0","0.0096","74","46.991","1","0.05"
"John Bates","WAS","TE","0","1.2","-1.2","0","1.2","-1.2","1","0","0.84","0","7.78","0","0","0","0","0","0"
"Amon-Ra St. Brown","DET","WR","16.7","21.3","-4.600000000000001","16.7","21.3","-4.6","1","13","13.43","102","141.36","0","0.0672","0","0","0","0"
"Rachaad White","TB","RB","12.9","13.7","-0.7999999999999989","12.9","13.7","-0.8","1","6","5.12","65","36.8","0","0.2304","34","57.477","0","0.05"
"Jaxon Smith-Njigba","SEA","WR","14.3","10.5","3.8000000000000007","14.3","10.5","3.8","1","4","4.69","63","65.17","1","0.2784","0","0","0","0"
"Najee Harris","PIT","RB","14.3","14.3","0","14.3","14.3","0","1","3","2.75","15","11.7","0","0.3264","53","58.5746","1","0.65"
"Skyy Moore","KC","WR","2.5","4.1","-1.5999999999999996","2.5","4.1","-1.6","1","2","1.7","15","24.1","0","0.1344","0","0","0","0"
"Jalin Hyatt","NYG","WR","8.5","9","-0.5","8.5","9","-0.5","1","2","1.85","75","60.25","0","0.3456","0","0","0","0"
"Cade Otton","TB","TE","6.8","8.2","-1.3999999999999995","6.8","8.2","-1.4","1","5","4.67","43","51.13","0","0.1248","0","0","0","0"
"Jakobi Meyers","LV","WR","14.5","18.4","-3.8999999999999986","14.5","18.4","-3.9","1","7","8.47","50","102.84","1","0.6432","0","0","0","0"
"Trishton Jackson","MIN","WR","1.2","1.3","-0.10000000000000009","1.2","1.3","-0.1","1","1","0.82","7","8.64","0","0","0","0","0","0"
"Calvin Ridley","JAX","WR","1","6","-5","1","6","-5","1","1","2.36","5","40.22","0","0.0384","0","4.851","0","0.01"
"Tyreek Hill","MIA","WR","20.3","21","-0.6999999999999993","20.3","21","-0.7","1","11","10.73","88","107.06","1","0.816","0","0","0","0"
"Michael Mayer","LV","TE","2.3","5.1","-2.8","2.3","5.1","-2.8","1","2","2.76","13","29.88","0","0.1152","0","0","0","0"
"Alvin Kamara","NO","RB","21.3","31.2","-9.899999999999999","21.3","31.2","-9.9","1","12","12.17","91","94.21","0","0.192","62","60.6722","0","1.41"
"Ross Dwelley","SF","TE","1.7","1.6","0.09999999999999987","1.7","1.6","0.1","1","1","0.85","12","5.24","0","0.1152","0","0","0","0"
"Tutu Atwell","LA","WR","9.6","3","6.6","9.6","3","6.6","1","1","0.87","31","14.97","1","0.1728","0","0","0","0"
"Rashee Rice","KC","WR","14.5","8.8","5.699999999999999","14.5","8.8","5.7","1","5","4.19","60","44.22","1","0.3744","0","0","0","0"
"Deonte Harty","BUF","WR","1.5","1.1","0.3999999999999999","1.5","1.1","0.4","1","1","0.82","10","6.84","0","0","0","0","0","0"
"Tyler Higbee","LA","TE","1.2","4","-2.8","1.2","4","-2.8","1","1","2.2","7","23.92","0","0.0768","0","0","0","0"
"Amari Cooper","CLV","WR","3.2","10.9","-7.7","3.2","10.9","-7.7","1","2","4.64","22","73.02","0","0.2208","0","0","0","0"
"Jameson Williams","DET","WR","0","9.3","-9.3","0","9.3","-9.3","1","0","2.96","0","55.37","0","0.384","0","0","0","0"
"Julio Jones","PHI","WR","0.8","1.2","-0.3999999999999999","0.8","1.2","-0.4","1","1","0.85","3","8.2","0","0","0","0","0","0"
"Kadarius Toney","KC","WR","1.8","1.5","0.30000000000000004","1.8","1.5","0.3","1","1","0.72","13","11.42","0","0","0","0","0","0"
"DeVonta Smith","PHI","WR","6.9","5.7","1.2000000000000002","6.9","5.7","1.2","1","4","2.93","49","42.13","0","0.0096","0","0","0","0"
"DJ Moore","CHI","WR","9.4","12.4","-3","9.4","12.4","-3","1","8","6.32","54","47.64","0","0.7488","0","0","0","0"
"Jamaal Williams","NO","RB","1.4","2.5","-1.1","1.4","2.5","-1.1","1","0","0","0","0","0","0","14","21.5698","0","0.05"
"Sam LaPorta","DET","TE","8.2","8.5","-0.3000000000000007","8.2","8.5","-0.3","1","6","5.1","52","58.54","0","0.0096","0","0","0","0"
"George Pickens","PIT","WR","13.2","11.4","1.799999999999999","13.2","11.4","1.8","1","5","5.02","107","84.59","0","0.0672","0","0","0","0"
"Zay Flowers","BLT","WR","9.5","9","0.5","9.5","9","0.5","1","4","4.46","75","54.93","0","0.2112","0","0","0","0"
"Khari Blasingame","CHI","RB","0.9","1.6","-0.7000000000000001","0.9","1.6","-0.7","1","1","0.83","4","4.83","0","0.1248","0","0","0","0"
"Colby Parkinson","SEA","TE","3.6","2.7","0.8999999999999999","3.6","2.7","0.9","1","2","0.91","26","11.32","0","0.192","0","0","0","0"
"Foster Moreau","NO","TE","4.8","6.1","-1.2999999999999998","4.8","6.1","-1.3","1","3","2.61","33","26.24","0","0.3648","0","0","0","0"
"Travis Homer","CHI","RB","0","1.1","-1.1","0","1.1","-1.1","1","0","0.96","0","5.25","0","0.0096","0","0","0","0"
"Jamal Agnew","JAX","WR","5.5","8.9","-3.4000000000000004","5.5","8.9","-3.4","1","4","4.34","36","47.98","0","0.24","-1","4.6844","0","0"
"Deven Thompkins","TB","WR","3","3.4","-0.3999999999999999","3","3.4","-0.4","1","3","2.62","15","20.04","0","0.0096","0","0","0","0"
"Marcedes Lewis","CHI","TE","2.1","1.7","0.40000000000000013","2.1","1.7","0.4","1","1","0.75","16","6.17","0","0.1248","0","0","0","0"
"James Cook","BUF","RB","17.7","11.4","6.299999999999999","17.7","11.4","6.3","1","3","2.12","46","20.79","1","0.2688","56","53.753","0","0.22"
"Trey Palmer","TB","WR","1","2.3","-1.2999999999999998","1","2.3","-1.3","1","1","1.62","5","15.09","0","0","0","0","0","0"
"Royce Freeman","LA","RB","6.6","5.6","1","6.6","5.6","1","1","0","0","0","0","0","0","66","53.4002","0","0.04"
"Michael Wilson","ARZ","WR","4.1","8","-3.9000000000000004","4.1","8","-3.9","1","3","3.39","26","49.49","0","0.2304","0","0","0","0"
"AJ Dillon","GB","RB","10.5","10","0.5","10.5","10","0.5","1","2","1.74","34","14.95","0","0","61","67.1986","0","0.15"
"Odell Beckham Jr.","BLT","WR","7.4","10.9","-3.5","7.4","10.9","-3.5","1","5","4.72","49","65.4","0","0.336","0","0","0","0"
"Darrell Henderson","LA","RB","13.1","15.3","-2.200000000000001","13.1","15.3","-2.2","1","1","1.91","5","6.75","0","0.2688","61","76.5482","1","0.73"
"Marquez Valdes-Scantling","KC","WR","15.9","6.8","9.100000000000001","15.9","6.8","9.1","1","3","2.9","84","47.09","1","0.1056","0","0","0","0"
"David Njoku","CLV","TE","7.9","12.8","-4.9","7.9","12.8","-4.9","1","5","5.78","54","46.42","0","0.8832","0","0","0","0"
"Dawson Knox","BUF","TE","1.5","3.9","-2.4","1.5","3.9","-2.4","1","1","1.99","10","24.82","0","0.0768","0","0","0","0"
"Travis Etienne Jr.","JAX","RB","21.2","11.8","9.399999999999999","21.2","11.8","9.4","1","3","2.82","24","14.58","0","0.0192","53","59.192","2","0.48"
"Jerick McKinnon","KC","RB","3.6","3.8","-0.19999999999999973","3.6","3.8","-0.2","1","2","1.39","24","17.77","0","0.0672","2","8.8984","0","0.01"
"Darnell Mooney","CHI","WR","5.4","4.6","0.8000000000000007","5.4","4.6","0.8","1","4","2.81","32","27.52","0","0","2","4.6648","0","0"
"Bijan Robinson","ATL","RB","0.3","0.5","-0.2","0.3","0.5","-0.2","1","0","0","0","0","0","0","3","4.606","0","0"
"Dallas Goedert","PHI","TE","16.2","7.5","8.7","16.2","7.5","8.7","1","5","3.91","77","36.01","1","0.3264","0","0","0","0"
"Chris Godwin","TB","WR","9.6","13.6","-4","9.6","13.6","-4","1","6","7.49","66","84.29","0","0.24","0","0","0","0"
"Damien Williams","ARZ","RB","0.2","0.5","-0.3","0.2","0.5","-0.3","1","0","0","0","0","0","0","2","4.7628","0","0.01"
"Samori Toure","GB","WR","0.8","2.9","-2.0999999999999996","0.8","2.9","-2.1","1","1","1.06","3","18.37","0","0.0864","0","0","0","0"
"Geoff Swaim","ARZ","TE","1.3","1.3","0","1.3","1.3","0","1","1","0.83","8","9.06","0","0","0","0","0","0"
"Curtis Samuel","WAS","WR","4.5","13.5","-9","4.5","13.5","-9","1","4","5.13","25","49.25","0","0.9984","0","0","0","0"
"Jaylen Waddle","MIA","WR","9.3","8.5","0.8000000000000007","9.3","8.5","0.8","1","6","4.4","63","53.01","0","0.1728","0","0","0","0"
"Stefon Diggs","BUF","WR","14.8","20.5","-5.699999999999999","14.8","20.5","-5.7","1","6","6.89","58","120.83","1","0.8256","0","0","0","0"
"Josh Reynolds","DET","WR","5.3","6.1","-0.7999999999999998","5.3","6.1","-0.8","1","2","1.66","43","28.8","0","0.4032","0","0","0","0"
"Stone Smartt","LAC","TE","1","1.1","-0.10000000000000009","1","1.1","-0.1","1","1","0.78","5","7.44","0","0","0","0","0","0"
"D'Andre Swift","PHI","RB","9","10.1","-1.0999999999999996","9","10.1","-1.1","1","3","2.77","13","14.42","0","0.0384","62","65.7286","0","0.07"
"Demario Douglas","NE","WR","9.4","10.6","-1.1999999999999993","9.4","10.6","-1.2","1","4","3.51","54","29.16","0","0.8928","20","4.8118","0","0.01"
"Zach Ertz","ARZ","TE","3.4","4.9","-1.5000000000000004","3.4","4.9","-1.5","1","3","3.13","19","33.35","0","0","0","0","0","0"
"Raheem Mostert","MIA","RB","5.6","9.3","-3.700000000000001","5.6","9.3","-3.7","1","1","1.2","6","13.21","0","0.2784","45","39.396","0","0.3"
"Ezekiel Elliott","NE","RB","9.1","11.9","-2.8000000000000007","9.1","11.9","-2.8","1","0","0.83","0","8.04","0","0","31","37.4948","1","1.15"
"Darius Slayton","NYG","WR","2.7","2.6","0.10000000000000009","2.7","2.6","0.1","1","1","1.28","22","19.27","0","0.0096","0","0","0","0"
"Kalif Raymond","DET","WR","3","2.1","0.8999999999999999","3","2.1","0.9","1","2","1.85","20","11.44","0","0.0096","0","0","0","0"
"Noah Fant","SEA","TE","3","1.7","1.3","3","1.7","1.3","1","1","0.42","25","10.16","0","0.0768","0","0","0","0"
"Christian Kirk","JAX","WR","18.1","8","10.100000000000001","18.1","8","10.1","1","6","4.45","91","51.14","1","0.1056","0","0","0","0"
"Michael Pittman Jr.","IND","WR","15.3","9.3","6","15.3","9.3","6","1","2","3.32","83","52.89","1","0.384","0","0","0","0"
"Will Mallory","IND","TE","0","0.6","-0.6","0","0.6","-0.6","1","0","0.5","0","3.98","0","0","0","0","0","0"
"Romeo Doubs","GB","WR","10","8.8","1.1999999999999993","10","8.8","1.2","1","2","2.07","30","33.93","1","0.7296","0","0","0","0"
"Javonte Williams","DEN","RB","11.1","11.3","-0.20000000000000107","11.1","11.3","-0.2","1","3","3.53","14","23.7","0","0","82","66.9144","0","0.08"
"Luke Musgrave","GB","TE","5","5.1","-0.09999999999999964","5","5.1","-0.1","1","4","3.71","30","32.28","0","0","0","0","0","0"
"Keenan Allen","LAC","WR","7.5","12.2","-4.699999999999999","7.5","12.2","-4.7","1","4","4.9","55","71.87","0","0.4224","0","0","0","0"
"Saquon Barkley","NYG","RB","19.4","14.9","4.499999999999998","19.4","14.9","4.5","1","3","3.17","41","27.64","1","0","78","90.0326","0","0.26"
"Brian Robinson","WAS","RB","8.3","5.5","2.8000000000000007","8.3","5.5","2.8","1","0","0","0","0","0","0","23","34.9566","1","0.34"
"Cam Akers","MIN","RB","7.1","8.3","-1.200000000000001","7.1","8.3","-1.2","1","2","2.7","30","15.96","0","0.0864","31","46.893","0","0.02"
"Matt Breida","NYG","RB","1.4","2.4","-1","1.4","2.4","-1","1","1","0.94","5","4.78","0","0","4","12.7988","0","0.03"
"Elijah Moore","CLV","WR","7.9","10.7","-2.799999999999999","7.9","10.7","-2.8","1","4","4.54","59","55.54","0","0.48","0","0","0","0"
"Tyler Allgeier","ATL","RB","12.7","16.7","-4","12.7","16.7","-4","1","3","2.17","53","21.67","0","0.192","59","79.478","0","0.73"
"Keaton Mitchell","BLT","RB","1.4","1.2","0.19999999999999996","1.4","1.2","0.2","1","1","0.92","9","4.78","0","0.0384","0","0","0","0"
"Justice Hill","BLT","RB","5.3","3.4","1.9","5.3","3.4","1.9","1","1","0.89","2","6.01","0","0","46","18.4142","0","0.08"
"Donovan Peoples-Jones","CLV","WR","3.2","3.9","-0.6999999999999997","3.2","3.9","-0.7","1","2","2.1","22","25.47","0","0.0576","0","0","0","0"
"Kenneth Walker III","SEA","RB","12.1","20.3","-8.200000000000001","12.1","20.3","-8.2","1","2","2.77","6","12.99","0","0.0096","105","107.3304","0","1.14"
"Olamide Zaccheaus","PHI","WR","0","1.8","-1.8","0","1.8","-1.8","1","0","0.77","0","8.59","0","0.0864","0","0","0","0"
"Michael Thomas","NO","WR","11.7","14.3","-2.6000000000000014","11.7","14.3","-2.6","1","3","4.08","42","45.54","1","1.2768","0","0","0","0"
"Cedrick Wilson Jr.","MIA","WR","5.8","4.5","1.2999999999999998","5.8","4.5","1.3","1","2","1.28","48","28.94","0","0.1536","0","0","0","0"
"Christian Watson","GB","WR","4.2","6.2","-2","4.2","6.2","-2","1","3","3.69","27","43.09","0","0","0","0","0","0"
"Aaron Jones","GB","RB","7.2","9.4","-2.2","7.2","9.4","-2.2","1","3","3.12","22","23.33","0","0.2976","35","35.3388","0","0.03"
"Gus Edwards","BLT","RB","20.9","10.6","10.299999999999999","20.9","10.6","10.3","1","1","0.84","80","7.03","0","0","64","57.0752","1","0.63"
"Quentin Johnston","LAC","WR","2.5","2.9","-0.3999999999999999","2.5","2.9","-0.4","1","1","0.84","20","22.63","0","0.0384","0","0","0","0"
"Marquise Brown","ARZ","WR","6.4","6.2","0.20000000000000018","6.4","6.2","0.2","1","3","2.93","49","46.33","0","0.0096","0","0","0","0"
"Ray-Ray McCloud III","SF","WR","3","4.3","-1.2999999999999998","3","4.3","-1.3","1","2","2.03","20","30.18","0","0.0384","0","0","0","0"
"Mecole Hardman Jr.","KC","WR","1.1","5.6","-4.5","1.1","5.6","-4.5","1","1","1.94","6","26.99","0","0.3264","0","0","0","0"
"Craig Reynolds","DET","RB","3","2.4","0.6000000000000001","3","2.4","0.6","1","1","0.92","9","6.86","0","0","16","12.397","0","0"
"Rondale Moore","ARZ","WR","3.6","4.9","-1.3000000000000003","3.6","4.9","-1.3","1","2","2.8","2","14.6","0","0.0096","24","18.5906","0","0.02"
"Kendrick Bourne","NE","WR","15.3","10.4","4.9","15.3","10.4","4.9","1","6","5.64","63","42.52","1","0.5472","0","0","0","0"
"Terry McLaurin","WAS","WR","12","15.8","-3.8000000000000007","12","15.8","-3.8","1","6","5.52","90","73.54","0","0.9504","0","0","0","0"
"Van Jefferson","ATL","WR","1","0.6","0.4","1","0.6","0.4","1","1","0.49","5","3.07","0","0","0","0","0","0"
"D'Onta Foreman","CHI","RB","31.5","18.5","13","31.5","18.5","13","1","3","3.41","31","19.01","1","0.4896","89","65.1112","2","0.9"
"Pharaoh Brown","NE","TE","6.1","2.5","3.5999999999999996","6.1","2.5","3.6","1","2","1.32","51","18.03","0","0","0","0","0","0"
"Brandon Powell","MIN","WR","8.9","10.1","-1.1999999999999993","8.9","10.1","-1.2","1","4","3.51","64","42.99","0","0.6048","5","4.3218","0","0"
"Ty Chandler","MIN","RB","1.7","1.1","0.5999999999999999","1.7","1.1","0.6","1","1","0.93","12","6.61","0","0","0","0","0","0"
"Tyquan Thornton","NE","WR","0.7","1","-0.30000000000000004","0.7","1","-0.3","1","1","0.94","2","5.63","0","0","0","0","0","0"
"Cooper Kupp","LA","WR","3.9","8","-4.1","3.9","8","-4.1","1","2","4.38","29","55.16","0","0.048","0","0","0","0"
"Jonnu Smith","ATL","TE","4.2","4.9","-0.7000000000000002","4.2","4.9","-0.7","1","3","1.93","27","16.22","0","0.3936","0","0","0","0"
"Joshua Kelley","LAC","RB","13.5","3.3","10.2","13.5","3.3","10.2","1","0","0","0","0","0","0","75","31.36","1","0.03"
"Donald Parham Jr.","LAC","TE","1.4","6.9","-5.5","1.4","6.9","-5.5","1","1","1.85","9","26.2","0","0.5568","0","0","0","0"
"Brycen Hopkins","LA","TE","1","1","0","1","1","0","1","1","0.85","5","6.04","0","0","0","0","0","0"
"Hunter Henry","NE","TE","3.7","4.7","-1","3.7","4.7","-1","1","2","2.24","27","32.19","0","0.0576","0","0","0","0"
"Antoine Green","DET","WR","0","1.2","-1.2","0","1.2","-1.2","1","0","0.46","0","4.73","0","0.0864","0","0","0","0"
"Isiah Pacheco","KC","RB","14","10.8","3.1999999999999993","14","10.8","3.2","1","4","3.67","28","19.69","1","0.2208","32","54.341","0","0.04"
"Kyle Pitts","ATL","TE","6.2","5.8","0.40000000000000036","6.2","5.8","0.4","1","3","3.25","47","42.02","0","0","0","0","0","0"
"Mo Alie-Cox","IND","TE","-0.1","1.1","-1.2000000000000002","-0.1","1.1","-1.2","1","1","0.96","-6","5.25","0","0.0096","0","0","0","0"
"Latavius Murray","BUF","RB","3.8","5.6","-1.7999999999999998","3.8","5.6","-1.8","1","2","1.28","20","6.79","0","0.2496","8","15.6114","0","0.21"
"Allen Robinson II","PIT","WR","1.2","0.7","0.5","1.2","0.7","0.5","1","1","0.5","7","4.48","0","0","0","0","0","0"
"Ke'Shawn Vaughn","TB","RB","0.7","3.2","-2.5","0.7","3.2","-2.5","1","0","0.84","0","8.34","0","0","7","19.1982","0","0.01"
"Emari Demercado","ARZ","RB","9.5","11.2","-1.6999999999999993","9.5","11.2","-1.7","1","4","4.07","17","29.02","0","0.0192","58","59.9368","0","0.03"
"Wan'Dale Robinson","NYG","WR","2.7","2.1","0.6000000000000001","2.7","2.1","0.6","1","1","1.59","22","12.67","0","0","0","0","0","0"
"Jonathan Taylor","IND","RB","19.5","15.8","3.6999999999999993","19.5","15.8","3.7","1","3","3.23","45","23.82","0","0.1632","75","73.5392","1","0.58"
"Nelson Agholor","BLT","WR","7.7","3.2","4.5","7.7","3.2","4.5","1","1","0.43","12","5.16","1","0.4128","0","0","0","0"
"Payne Durham","TB","TE","0","1.3","-1.3","0","1.3","-1.3","1","0","0.83","0","9.04","0","0","0","0","0","0"
"Jake Bobo","SEA","WR","14.1","8.3","5.799999999999999","14.1","8.3","5.8","1","4","2.58","61","36.27","1","0.5568","0","0","0","0"
"Michael Burton","DEN","RB","-0.2","0.4","-0.6000000000000001","-0.2","0.4","-0.6","1","0","0","0","0","0","0","-2","3.136","0","0.01"
"Velus Jones Jr.","CHI","WR","0.5","1.1","-0.6000000000000001","0.5","1.1","-0.6","1","1","0.97","0","5.09","0","0.0096","0","0","0","0"
"Sterling Shepard","NYG","WR","0.8","1","-0.19999999999999996","0.8","1","-0.2","1","1","0.77","3","5.68","0","0","0","0","0","0"
"Dontayvion Wicks","GB","WR","2.3","1.9","0.3999999999999999","2.3","1.9","0.4","1","1","0.78","17","10.06","0","0","1","4.4492","0","0.01"
"Josh Oliver","MIN","TE","1.6","2.3","-0.6999999999999997","1.6","2.3","-0.7","1","2","1.69","6","14.85","0","0","0","0","0","0"
"Jaleel McLaughlin","DEN","RB","5.1","6.3","-1.2000000000000002","5.1","6.3","-1.2","1","1","1.86","1","6.59","0","0.1344","45","20.7368","0","0.31"
"Jahan Dotson","WAS","WR","6.8","12.4","-5.6000000000000005","6.8","12.4","-5.6","1","5","5.53","43","63.79","0","0.5376","0","0","0","0"
"Davante Adams","LV","WR","9.2","16.9","-7.699999999999999","9.2","16.9","-7.7","1","7","8.09","57","85.32","0","0.72","0","0","0","0"
"Mike Gesicki","NE","TE","7.5","4.1","3.4000000000000004","7.5","4.1","3.4","1","2","1.3","5","8.74","1","0.432","0","0","0","0"
"Drake London","ATL","WR","8.4","10.9","-2.5","8.4","10.9","-2.5","1","6","4.91","54","41.12","0","0.72","0","0","0","0"
"Darren Waller","NYG","TE","19.3","13.4","5.9","19.3","13.4","5.9","1","7","5.9","98","76.06","1","0.48","0","0","0","0"
"Zack Moss","IND","RB","6.7","9.2","-2.499999999999999","6.7","9.2","-2.5","1","1","0.87","5","5.01","0","0","57","80.3698","0","0.03"
"Taysom Hill","NO","TE","14.8","16","-1.1999999999999993","14.8","16","-1.2","1","4","3.45","50","37.93","0","0.6816","18","14.3672","1","0.83"
"George Kittle","SF","TE","10.5","9.2","1.3000000000000007","10.5","9.2","1.3","1","5","4.36","78","66.57","0","0","2","4.067","0","0"
"Blake Bell","KC","TE","1.2","1.4","-0.19999999999999996","1.2","1.4","-0.2","1","1","0.77","7","7.51","0","0.048","0","0","0","0"
"DeeJay Dallas","SEA","RB","0.5","1","-0.5","0.5","1","-0.5","1","1","1","0","4.75","0","0","0","0","0","0"
"KhaDarel Hodge","ATL","WR","2.4","1.6","0.7999999999999998","2.4","1.6","0.8","1","1","0.72","19","11.39","0","0.0096","0","0","0","0"
"Patrick Ricard","BLT","RB","4.1","2.8","1.2999999999999998","4.1","2.8","1.3","1","2","1.66","31","18.92","0","0.0096","0","0","0","0"
"Travis Kelce","KC","TE","29.9","21.6","8.299999999999997","29.9","21.6","8.3","1","12","9.49","179","132.18","1","0.6144","0","0","0","0"
"Darrynton Evans","CHI","RB","5.9","9.7","-3.799999999999999","5.9","9.7","-3.8","1","1","1.95","6","8.07","0","0.0288","48","59.7702","0","0.29"
"Marvin Mims Jr.","DEN","WR","-1.1","3.2","-4.300000000000001","-1.1","3.2","-4.3","1","0","0.31","0","7.44","0","0.2976","-11","4.851","0","0"
"Cordarrelle Patterson","ATL","RB","5.6","6.4","-0.8000000000000007","5.6","6.4","-0.8","1","0","0","0","0","0","0","56","41.5814","0","0.38"
"Pierre Strong Jr.","CLV","RB","2.5","3.9","-1.4","2.5","3.9","-1.4","1","0","0","0","0","0","0","25","36.1522","0","0.05"
"Jalen Reagor","NE","WR","1.6","1.4","0.20000000000000018","1.6","1.4","0.2","1","1","0.77","11","10.4","0","0","0","0","0","0"
"Chris Rodriguez Jr.","WAS","RB","3.1","3.5","-0.3999999999999999","3.1","3.5","-0.4","1","0","0","0","0","0","0","31","27.4988","0","0.13"
"Mike Evans","TB","WR","17.2","12.4","4.799999999999999","17.2","12.4","4.8","1","6","5.18","82","64.39","1","0.5664","0","0","0","0"
"Kareem Hunt","CLV","RB","15.1","12.5","2.5999999999999996","15.1","12.5","2.6","1","0","0.93","0","4.57","0","0","31","35.937","2","1.33"
"Josh Downs","IND","WR","21","8.7","12.3","21","8.7","12.3","1","5","3.74","125","65.97","1","0.0384","0","0","0","0"
"Jerry Jeudy","DEN","WR","8.9","6.7","2.2","8.9","6.7","2.2","1","5","3.62","64","49.04","0","0","0","0","0","0"
"Gerald Everett","LAC","TE","10.1","9.4","0.6999999999999993","10.1","9.4","0.7","1","3","2.61","26","23.06","1","0.96","0","0","0","0"
"Jauan Jennings","SF","WR","7.9","9.4","-1.5","7.9","9.4","-1.5","1","5","5.2","54","61.3","0","0.1056","0","0","0","0"
"Dalton Kincaid","BUF","TE","11.5","11.2","0.3000000000000007","11.5","11.2","0.3","1","8","6.4","75","62.81","0","0.288","0","0","0","0"
"Jayden Reed","GB","WR","9.6","8.2","1.4000000000000004","9.6","8.2","1.4","1","3","2.74","21","27.08","1","0.6816","0","0","0","0"
"Diontae Johnson","PIT","WR","10.4","7.3","3.1000000000000005","10.4","7.3","3.1","1","5","3.95","79","49.02","0","0.0672","0","0","0","0"
"Evan Engram","JAX","TE","7","8.3","-1.3000000000000007","7","8.3","-1.3","1","5","5.58","45","50.63","0","0.0768","0","0","0","0"
"Austin Ekeler","LAC","RB","5.1","9.1","-4","5.1","9.1","-4","1","1","0.87","1","7.01","0","0","45","61.3284","0","0.3"
"Tyler Lockett","SEA","WR","5.8","6.3","-0.5","5.8","6.3","-0.5","1","4","3.17","38","43.97","0","0.0576","0","0","0","0"
"Tank Bigsby","JAX","RB","0.2","0.9","-0.7","0.2","0.9","-0.7","1","0","0","0","0","0","0","2","8.6142","0","0"
"Rashod Bateman","BLT","WR","4.6","4.2","0.39999999999999947","4.6","4.2","0.4","1","2","1.74","36","33.35","0","0","0","0","0","0"
"Braxton Berrios","MIA","WR","1.2","2.4","-1.2","1.2","2.4","-1.2","1","1","1.67","7","15.2","0","0","0","0","0","0"
"Mark Andrews","BLT","TE","20.3","14.3","6","20.3","14.3","6","1","4","3.96","63","33.6","2","1.4976","0","0","0","0"
"K.J. Osborn","MIN","WR","7.2","8.2","-0.9999999999999991","7.2","8.2","-1","1","5","4.04","47","60.4","0","0.0288","0","0","0","0"
"Alexander Mattison","MIN","RB","5.2","13","-7.8","5.2","13","-7.8","1","2","2.5","3","14.92","0","0.6816","39","32.634","0","0.49"
"Emanuel Wilson","GB","RB","3.7","3","0.7000000000000002","3.7","3","0.7","1","2","1.89","8","10.67","0","0.0096","19","9.1826","0","0"
"Jeff Wilson Jr.","MIA","RB","0.9","1","-0.09999999999999998","0.9","1","-0.1","1","1","0.76","4","5.96","0","0.0096","0","0","0","0"
"A.J. Brown","PHI","WR","24.7","20.2","4.5","24.7","20.2","4.5","1","10","9.31","137","121.51","1","0.5664","0","0","0","0"
"Courtland Sutton","DEN","WR","16.6","8.6","8.000000000000002","16.6","8.6","8","1","6","3.48","76","41.42","1","0.4512","0","0","0","0"
"Nate Adkins","DEN","TE","0.8","1.1","-0.30000000000000004","0.8","1.1","-0.3","1","1","0.9","3","6.27","0","0","0","0","0","0"
"Calvin Austin III","PIT","WR","0.1","0.5","-0.4","0.1","0.5","-0.4","1","0","0","0","0","0","0","1","4.655","0","0"
"Elijah Mitchell","SF","RB","-0.1","0.5","-0.6","-0.1","0.5","-0.6","1","0","0","0","0","0","0","-1","4.5766","0","0.01"
"Khalil Shakir","BUF","WR","5.5","4.5","1","5.5","4.5","1","1","4","2.72","35","26.38","0","0.0864","0","0","0","0"
"Brandon Aiyuk","SF","WR","8.2","8","0.1999999999999993","8.2","8","0.2","1","5","4.4","57","55.16","0","0.048","0","0","0","0"
"Derius Davis","LAC","WR","2.9","3.9","-1","2.9","3.9","-1","1","1","1.58","10","17.52","0","0","14","13.524","0","0"
"Jordan Addison","MIN","WR","27.8","17","10.8","27.8","17","10.8","1","7","6.13","123","67.19","2","1.2","0","0","0","0"
"Keith Smith","ATL","RB","0.4","2","-1.6","0.4","2","-1.6","1","1","0.9","-1","3.38","0","0.2016","0","0","0","0"