"Player","Team","Fantasy Points Pts","Fantasy Points x-Pts","Fantasy Points +/-","Points Per Game PPG","Points Per Game x-PPG","Points Per Game +/-","#G","Passing Att","Passing Com","Passing X-Com","Passing Int","Passing X-Int","Passing Yds","Passing X-Yds","Passing TD","Passing X-TD","Scrambles Yds","Scrambles X-Yds","Scrambles TD","Scrambles X-TD","Designed Runs Yds","Designed Runs X-Yds","Designed Runs TD","Designed Runs X-TD"
"Lamar Jackson","BLT","18.1","27.9","-9.799999999999997","18.1","27.9","-9.8","1","30","21","21.06","1","0.55","223","230.07","1","1.15","25","33.969","0","0.855","37","19.012","0","0.71"
"Baker Mayfield","TB","7.8","18","-10.2","7.8","18","-10.2","1","37","19","20.34","1","1.18","206","294.27","0","1.48","6","14.6847","0","0","0","0","0","0"
"C.J. Beathard","JAX","-0.2","-0.3","0.09999999999999998","-0.2","-0.3","0.1","1","0","0","0","0","0","0","0","0","0","0","0","0","0","-2","-3","0","0"
"Brock Purdy","SF","8.7","10.2","-1.5","8.7","10.2","-1.5","1","27","12","15.61","1","0.74","125","190.83","1","0.58","5","7.3377","0","0","2","2.3026","0","0.01"
"Zach Wilson","NYJ","8.9","16.6","-7.700000000000001","8.9","16.6","-7.7","1","33","19","22.18","0","0.66","186","239.13","0","1.59","17","15.1032","0","0.0095","-2","-2","0","0"
"Mike White","MIA","-1.4","-0.1","-1.2999999999999998","-1.4","-0.1","-1.3","1","1","0","0.85","1","0.01","0","6.05","0","0","0","0","0","0","-4","-3","0","0"
"Tua Tagovailoa","MIA","22.5","16.3","6.199999999999999","22.5","16.3","6.2","1","31","21","18.92","0","0.81","262","225.63","3","1.91","0","0","0","0","0","4.067","0","0"
"Malik Willis","TEN","4.7","5.1","-0.39999999999999947","4.7","5.1","-0.4","1","5","4","3.34","0","0.11","74","33.83","0","0.42","17","22.1991","0","0","0","0","0","0"
"Geno Smith","SEA","13","22.1","-9.100000000000001","13","22.1","-9.1","1","41","27","23.77","2","0.84","326","275.03","0","2.28","17","21.4179","0","0.0095","3","3.9396","0","0.03"
"Trevor Lawrence","JAX","15.7","14.5","1.1999999999999993","15.7","14.5","1.2","1","30","20","19.63","1","0.64","181","221.97","2","1.21","16","15.1776","0","0","-1","-1","0","0"
"Gardner Minshew","IND","14.6","27","-12.4","14.6","27","-12.4","1","55","33","35.28","3","1.39","329","379.49","1","2.9","4","12.6852","0","0.057","0","0","0","0"
"Ryan Tannehill","TEN","2","10.1","-8.1","2","10.1","-8.1","1","16","8","9.47","1","0.36","76","111","0","1.5","0","0","0","0","0","0","0","0"
"Jimmy Garoppolo","LV","9.9","9.7","0.20000000000000107","9.9","9.7","0.2","1","22","14","12.26","1","0.46","162","130.94","1","0.93","2","7.3656","0","0","2","2.9792","0","0.02"
"Tyrod Taylor","NYG","10.4","18.5","-8.1","10.4","18.5","-8.1","1","36","24","21.98","0","0.6","200","225.7","0","1.28","24","41.5803","0","0.133","0","0","0","0"
"Joshua Dobbs","ARZ","13.1","21.6","-8.500000000000002","13.1","21.6","-8.5","1","41","21","23.7","1","1.05","235","282.96","0","1.76","53","30.783","0","0","-6","11.8576","0","0"
"Matthew Stafford","LA","13.2","14.1","-0.9000000000000004","13.2","14.1","-0.9","1","24","15","13.14","0","0.54","226","157.91","1","1.8","2","6.1938","0","0.0855","0","0","0","0"
"Tyson Bagent","CHI","8.7","8.5","0.1999999999999993","8.7","8.5","0.2","1","14","10","9.01","1","0.29","83","102.56","0","0.27","0","0","0","0","4","5.851","1","0.5"
"Kirk Cousins","MIN","10.7","11.1","-0.40000000000000036","10.7","11.1","-0.4","1","31","21","22.08","0","0.53","181","233.02","1","0.52","0","0","0","0","-5","2.6456","0","0"
"Mac Jones","NE","6.9","13.8","-6.9","6.9","13.8","-6.9","1","33","24","22.19","1","0.49","200","196.14","0","1.63","0","0","0","0","-1","-1","0","0"
"C.J. Stroud","HST","15.2","19.9","-4.699999999999999","15.2","19.9","-4.7","1","27","13","16.22","1","0.73","199","188.89","2","3.02","2","6.8076","0","0","0","2.7436","0","0"
"Bryce Young","CAR","12.7","15.6","-2.9000000000000004","12.7","15.6","-2.9","1","38","23","23.04","0","0.87","217","262.77","1","1.48","0","0","0","0","0","0","0","0"
"Dak Prescott","DAL","24.9","19.8","5.099999999999998","24.9","19.8","5.1","1","30","21","19.91","0","0.77","272","229.79","1","1.89","24","27.9093","0","0.0285","16","2.9392","1","0.09"
"Russell Wilson","DEN","8.9","9.9","-1","8.9","9.9","-1","1","22","13","13.9","2","0.36","95","148.32","1","0.5","29","19.8834","0","0","2","3.7926","0","0"
"Jalen Hurts","PHI","22.9","24.7","-1.8000000000000007","22.9","24.7","-1.8","1","45","28","28.15","3","0.97","280","325.88","1","1.18","22","19.995","0","0.1425","25","18.5318","1","0.54"
"Sam Howell","WAS","18.3","12.9","5.4","18.3","12.9","5.4","1","23","14","14.44","0","0.54","151","175.28","3","1.35","1","7.4586","0","0","2","1.773","0","0.01"
"Justin Fields","CHI","5.9","8.2","-2.299999999999999","5.9","8.2","-2.3","1","10","6","7.82","1","0.18","58","63.81","0","0.45","24","21.9387","0","0.0095","22","17.326","0","0.01"
"Desmond Ridder","ATL","19.1","23.9","-4.799999999999997","19.1","23.9","-4.8","1","47","28","28.55","3","1.12","307","329.83","2","2.62","18","13.578","0","0","0","0","0","0"
"Jared Goff","DET","22.4","15.2","7.199999999999999","22.4","15.2","7.2","1","44","30","29.2","0","0.91","353","310.3","2","0.76","4","7.4865","0","0","-1","-1","0","0"
"Derek Carr","NO","17.3","22.8","-5.5","17.3","22.8","-5.5","1","50","32","29.98","1","1.11","353","367.42","1","2.19","0","0","0","0","2","3.822","0","0.01"
"Joe Burrow","CIN","14.8","15.7","-0.8999999999999986","14.8","15.7","-0.9","1","35","24","24.67","1","0.78","185","227.82","2","1.69","5","6.7704","0","0","-1","-1","0","0"
"Brian Hoyer","LV","3.8","7.5","-3.7","3.8","7.5","-3.7","1","10","6","5.94","0","0.38","102","80.51","0","1.23","0","0","0","0","-3","-3","0","0"
"Patrick Mahomes","KC","18.3","21.9","-3.599999999999998","18.3","21.9","-3.6","1","40","30","28.59","1","0.69","306","256.52","1","2.62","33","21.3063","0","0","-2","-3","0","0"
"Josh Allen","BUF","14.9","16.8","-1.9000000000000004","14.9","16.8","-1.9","1","30","19","20.61","1","0.69","169","256.52","2","1.46","11","14.2848","0","0","0","0","0","0"
"P.J. Walker","CLV","5.8","14.9","-9.100000000000001","5.8","14.9","-9.1","1","34","18","22.8","2","0.79","192","274.48","0","0.9","1","6.1287","0","0.0285","0","3.0376","0","0"
"Justin Herbert","LAC","18.1","28.5","-10.399999999999999","18.1","28.5","-10.4","1","37","22","23.25","1","0.94","227","234.89","2","3.31","20","35.061","0","0.551","0","0","0","0"