"Player","Team","Pos","Fantasy Points Pts","Fantasy Points x-Pts","Fantasy Points +/-","Points Per Game PPG","Points Per Game x-PPG","Points Per Game +/-","#G","Receiving Rec","Receiving X-Rec","Receiving Yds","Receiving X-Yds","Receiving TD","Receiving X-TD","Rushing Yds","Rushing X-Yds","Rushing TD","Rushing X-TD"
"Hunter Renfrow","LV","WR","2.9","3.9","-1","2.9","3.9","-1","1","2","2.6","19","24.25","0","0.0288","0","0","0","0"
"Rhamondre Stevenson","NE","RB","6","12.4","-6.4","6","12.4","-6.4","1","2","3.49","11","27.61","0","0.0864","39","40.1506","0","0.56"
"Christian McCaffrey","SF","RB","26.8","18.7","8.100000000000001","26.8","18.7","8.1","1","6","4.88","64","41.34","1","0.6912","54","48.9706","1","0.52"
"T.J. Hockenson","MIN","TE","17.8","17.6","0.1999999999999993","17.8","17.6","0.2","1","6","5.98","88","73.26","1","1.2112","0","0","0","0"
"Alec Pierce","IND","WR","5.6","6.7","-1.1000000000000005","5.6","6.7","-1.1","1","3","3.93","41","44.34","0","0.048","0","0","0","0"
"Devin Singletary","HST","RB","5.3","8.1","-2.8","5.3","8.1","-2.8","1","2","1.84","13","13.02","0","0.0096","30","43.953","0","0.23"
"Byron Pringle","WAS","WR","0","1.7","-1.7","0","1.7","-1.7","1","0","0.24","0","10.59","0","0.0864","0","0","0","0"
"Josh Jacobs","LV","RB","15.8","14.7","1.1000000000000014","15.8","14.7","1.1","1","2","3.4","27","33.23","0","0","61","61.0442","1","0.6"
"Trey McBride","ARZ","TE","20.5","23.4","-2.8999999999999986","20.5","23.4","-2.9","1","10","9.98","95","109.06","1","1.2496","0","0","0","0"
"Nico Collins","HST","WR","5","10.3","-5.300000000000001","5","10.3","-5.3","1","4","3.65","30","54.37","0","0.5088","0","0","0","0"
"Ameer Abdullah","LV","RB","2.4","1.8","0.5999999999999999","2.4","1.8","0.6","1","1","0.81","12","9.33","0","0","7","4.655","0","0"
"Chigoziem Okonkwo","TEN","TE","4.7","8.3","-3.6000000000000005","4.7","8.3","-3.6","1","4","4.6","23","55.34","0","0","4","2.9792","0","0.02"
"Samaje Perine","DEN","RB","3.1","3.8","-0.6999999999999997","3.1","3.8","-0.7","1","2","2.73","16","19.46","0","0","5","4.1748","0","0.02"
"Andrew Ogletree","IND","TE","9.8","4.8","5.000000000000001","9.8","4.8","5","1","1","1.32","33","23.97","1","0.288","0","0","0","0"
"Austin Hooper","LV","TE","2.9","2.4","0.5","2.9","2.4","0.5","1","2","1.77","19","15.02","0","0","0","0","0","0"
"Antonio Gibson","WAS","RB","6.7","6.9","-0.20000000000000018","6.7","6.9","-0.2","1","5","3.91","28","26.96","0","0.192","14","9.6726","0","0.02"
"MyCole Pruitt","ATL","TE","0.8","5","-4.2","0.8","5","-4.2","1","1","1.39","3","12.7","0","0.5088","0","0","0","0"
"Connor Heyward","PIT","TE","4.9","8.3","-3.4000000000000004","4.9","8.3","-3.4","1","5","4.59","24","40.14","0","0.3264","0","0","0","0"
"Zach Charbonnet","SEA","RB","7.4","4.5","2.9000000000000004","7.4","4.5","2.9","1","2","1.77","11","10.79","0","0","53","20.1978","0","0.08"
"Durham Smythe","MIA","TE","4.3","6.3","-2","4.3","6.3","-2","1","3","2.25","28","28.29","0","0.384","0","0","0","0"
"Gabe Davis","BUF","WR","19.2","17.6","1.5999999999999979","19.2","17.6","1.6","1","9","8.52","87","85.37","1","0.8064","0","0","0","0"
"Rodney Williams","PIT","TE","0","1.7","-1.7","0","1.7","-1.7","1","0","1.36","0","10.37","0","0","0","0","0","0"
"Jahmyr Gibbs","DET","RB","27.4","19.8","7.599999999999998","27.4","19.8","7.6","1","5","4.57","37","32.56","0","0.0096","152","112.8568","1","0.48"
"Rakim Jarrett","TB","WR","1.4","2","-0.6000000000000001","1.4","2","-0.6","1","1","1.1","9","14.44","0","0","0","0","0","0"
"Salvon Ahmed","MIA","RB","1.2","6.8","-5.6","1.2","6.8","-5.6","1","3","2.7","-4","12.42","0","0.5472","1","8.3104","0","0.02"
"Clyde Edwards-Helaire","KC","RB","0.4","0.5","-0.09999999999999998","0.4","0.5","-0.1","1","0","0","0","0","0","0","4","4.0866","0","0.02"
"Jaylen Warren","PIT","RB","5.8","8","-2.2","5.8","8","-2.2","1","4","4.31","19","34.1","0","0.0096","19","21.7266","0","0.03"
"Tyler Scott","CHI","WR","1.6","3.3","-1.6999999999999997","1.6","3.3","-1.7","1","1","1.4","11","26.39","0","0","0","0","0","0"
"Joshua Palmer","LAC","WR","3.9","3.7","0.19999999999999973","3.9","3.7","0.2","1","3","2.34","24","25.46","0","0","0","0","0","0"
"Logan Thomas","WAS","TE","13.4","10.8","2.5999999999999996","13.4","10.8","2.6","1","6","5.62","44","54.56","1","0.4224","0","0","0","0"
"Noah Gray","KC","TE","3.5","2.5","1","3.5","2.5","1","1","2","1.31","25","18.25","0","0.0096","0","0","0","0"
"Chris Olave","NO","WR","7.1","13","-5.9","7.1","13","-5.9","1","5","5.47","46","90.29","0","0.2112","0","0","0","0"
"Scott Miller","ATL","WR","8.4","5.2","3.2","8.4","5.2","3.2","1","2","1.93","14","18.13","1","0.4032","0","0","0","0"
"Puka Nacua","LA","WR","5.8","9.3","-3.500000000000001","5.8","9.3","-3.5","1","3","3.9","43","39.38","0","0.5664","0","0","0","0"
"Kenneth Gainwell","PHI","RB","5.1","8.4","-3.3000000000000007","5.1","8.4","-3.3","1","5","4.45","30","29.87","0","0.0384","-4","6.4778","0","0.39"
"Rico Dowdle","DAL","RB","3.5","4.3","-0.7999999999999998","3.5","4.3","-0.8","1","2","1.8","7","9.41","0","0.048","18","21.413","0","0.01"
"Isaiah Spiller","LAC","RB","1.3","2.6","-1.3","1.3","2.6","-1.3","1","1","0.88","5","6.1","0","0","3","14.1512","0","0.03"
"Rashid Shaheed","NO","WR","22.8","5.2","17.6","22.8","5.2","17.6","1","3","0.89","153","43.89","1","0.0672","0","0","0","0"
"Marquise Goodwin","CLV","WR","-0.5","0.5","-1","-0.5","0.5","-1","1","0","0","0","0","0","0","-5","4.4198","0","0.01"
"DeVante Parker","NE","WR","1.9","1.8","0.09999999999999987","1.9","1.8","0.1","1","1","1.29","14","11.57","0","0","0","0","0","0"
"Jerome Ford","CLV","RB","4.4","6.1","-1.6999999999999993","4.4","6.1","-1.7","1","1","1.72","2","11.63","0","0","37","39.396","0","0.02"
"John Bates","WAS","TE","2.2","1.9","0.30000000000000027","2.2","1.9","0.3","1","1","0.59","17","11.68","0","0.0672","0","0","0","0"
"Amon-Ra St. Brown","DET","WR","13.8","9.8","4","13.8","9.8","4","1","6","5.64","108","68.27","0","0.0288","0","0","0","0"
"Rachaad White","TB","RB","14.4","11.7","2.700000000000001","14.4","11.7","2.7","1","7","6.21","70","41.92","0","0.0384","39","41.9146","0","0"
"Jaxon Smith-Njigba","SEA","WR","11.1","5.5","5.6","11.1","5.5","5.6","1","3","3.4","36","22.23","1","0.2592","0","0","0","0"
"Najee Harris","PIT","RB","8","9","-1","8","9","-1","1","5","3.86","42","29.96","0","0","13","29.9194","0","0.18"
"Skyy Moore","KC","WR","1.3","3.5","-2.2","1.3","3.5","-2.2","1","1","1.46","8","17.74","0","0.1632","0","0","0","0"
"Cade Otton","TB","TE","4.7","6.6","-1.8999999999999995","4.7","6.6","-1.9","1","4","4.5","27","40.13","0","0.048","0","0","0","0"
"Jakobi Meyers","LV","WR","2.4","1.7","0.7","2.4","1.7","0.7","1","1","0.64","19","13.34","0","0","0","0","0","0"
"Luke Schoonmaker","DAL","TE","1.8","1.1","0.7","1.8","1.1","0.7","1","1","0.88","13","6.96","0","0","0","0","0","0"
"Kyle Juszczyk","SF","RB","0","0.8","-0.8","0","0.8","-0.8","1","0","0","0","0","0","0","0","7.105","0","0.02"
"Tyler Conklin","NYJ","TE","0","1.5","-1.5","0","1.5","-1.5","1","0","1.29","0","8.5","0","0","0","0","0","0"
"Michael Carter","NYJ","RB","0.2","1.1","-0.9000000000000001","0.2","1.1","-0.9","1","0","0.5","0","-0.12","0","0","2","8.3104","0","0"
"Calvin Ridley","JAX","WR","11.3","17.6","-6.300000000000001","11.3","17.6","-6.3","1","6","6.49","83","95.61","0","0.8064","0","0","0","0"
"Tyjae Spears","TEN","RB","5.1","4.1","1","5.1","4.1","1","1","3","2.82","9","12.72","0","0","27","14.4452","0","0"
"Tyreek Hill","MIA","WR","21.2","22","-0.8000000000000007","21.2","22","-0.8","1","8","8.28","112","89.01","1","1.4992","0","0","0","0"
"Dameon Pierce","HST","RB","4.6","10.4","-5.800000000000001","4.6","10.4","-5.8","1","0","0","0","0","0","0","46","47.8636","0","0.94"
"Michael Mayer","LV","TE","2.4","2.3","0.10000000000000009","2.4","2.3","0.1","1","1","0.97","19","17.74","0","0","0","0","0","0"
"Brock Wright","DET","TE","1","1","0","1","1","0","1","1","0.89","5","5.71","0","0","0","0","0","0"
"Alvin Kamara","NO","RB","25","18.3","6.699999999999999","25","18.3","6.7","1","4","4.22","51","35.32","1","0.1248","59","71.2558","1","0.8"
"Garrett Wilson","NYJ","WR","14.1","16.3","-2.200000000000001","14.1","16.3","-2.2","1","7","7.87","100","118.71","0","0.0096","6","4.7236","0","0"
"Tommy Tremble","CAR","TE","7.4","3.9","3.5000000000000004","7.4","3.9","3.5","1","2","1.32","4","6.12","1","0.432","0","0","0","0"
"Tutu Atwell","LA","WR","3.9","5.9","-2.0000000000000004","3.9","5.9","-2","1","2","3.07","21","33.58","0","0","8","8.1046","0","0.03"
"Rashee Rice","KC","WR","7.6","7.9","-0.3000000000000007","7.6","7.9","-0.3","1","4","4.09","56","34.63","0","0.3936","0","0","0","0"
"Tyler Higbee","LA","TE","7","8.5","-1.5","7","8.5","-1.5","1","5","4.68","45","60.82","0","0.0096","0","0","0","0"
"Amari Cooper","CLV","WR","11.9","15.3","-3.4000000000000004","11.9","15.3","-3.4","1","6","6.72","89","89.75","0","0.4896","0","0","0","0"
"Jameson Williams","DET","WR","2.6","4.2","-1.6","2.6","4.2","-1.6","1","2","2.18","16","25.09","0","0.096","0","0","0","0"
"Julio Jones","PHI","WR","7.3","3.9","3.4","7.3","3.9","3.4","1","1","0.93","8","9.91","1","0.4128","0","0","0","0"
"Hunter Luepke","DAL","RB","0.3","0.9","-0.6000000000000001","0.3","0.9","-0.6","1","1","0.86","-2","5.13","0","0","0","0","0","0"
"Kadarius Toney","KC","WR","0.6","2","-1.4","0.6","2","-1.4","1","1","0.79","4","7.01","0","0","-3","3.4888","0","0.09"
"DJ Moore","CHI","WR","7.5","7.2","0.2999999999999998","7.5","7.2","0.3","1","4","4.25","55","49.37","0","0.0192","0","0","0","0"
"DeVonta Smith","PHI","WR","19.4","9.4","9.999999999999998","19.4","9.4","10","1","7","4.94","99","55.99","1","0.2208","0","0","0","0"
"C.J. Uzomah","NYJ","TE","2.4","1.2","1.2","2.4","1.2","1.2","1","1","0.83","19","8.01","0","0","0","0","0","0"
"Jamaal Williams","NO","RB","4.3","3.8","0.5","4.3","3.8","0.5","1","1","0.93","8","4.34","0","0","30","27.5086","0","0.02"
"Sam LaPorta","DET","TE","15.7","15.8","-0.10000000000000142","15.7","15.8","-0.1","1","8","7.57","57","63.47","1","0.9408","0","0","0","0"
"Mike Boone","HST","RB","2.1","1.7","0.40000000000000013","2.1","1.7","0.4","1","1","0.86","11","7.49","0","0","5","4.5472","0","0.01"
"George Pickens","PIT","WR","8.7","7.4","1.299999999999999","8.7","7.4","1.3","1","1","2.25","22","48.64","1","0.2304","0","0","0","0"
"Trenton Irwin","CIN","WR","3.4","2.4","1","3.4","2.4","1","1","2","1.68","24","15.53","0","0","0","0","0","0"
"Tee Higgins","CIN","WR","9.4","7.8","1.6000000000000005","9.4","7.8","1.6","1","5","3.96","69","58.67","0","0","0","0","0","0"
"Zay Flowers","BLT","WR","4.4","7.1","-2.6999999999999993","4.4","7.1","-2.7","1","5","4.74","19","47.2","0","0","0","0","0","0"
"Khari Blasingame","CHI","RB","0","1","-1","0","1","-1","1","0","0.79","0","6.21","0","0","0","0","0","0"
"Kendre Miller","NO","RB","2.4","2.4","0","2.4","2.4","0","1","1","0.88","9","5.87","0","0","10","12.6812","0","0.01"
"Andrew Beck","HST","RB","7.4","7.4","0","7.4","7.4","0","1","1","0.8","8","8.94","0","0","1","2","1","0.98"
"Zach Pascal","ARZ","WR","0","1.8","-1.8","0","1.8","-1.8","1","0","0.21","0","5.04","0","0.2016","0","0","0","0"
"James Cook","BUF","RB","7.8","8.6","-0.7999999999999998","7.8","8.6","-0.8","1","1","0.97","6","5.1","0","0.0096","67","58.3786","0","0.28"
"Trey Palmer","TB","WR","3.7","6.4","-2.7","3.7","6.4","-2.7","1","3","3.79","22","45.38","0","0","0","0","0","0"
"Royce Freeman","LA","RB","10.4","6.9","3.5","10.4","6.9","3.5","1","0","0","0","0","0","0","44","35.8096","1","0.56"
"Michael Wilson","ARZ","WR","7.8","9.8","-2.000000000000001","7.8","9.8","-2","1","4","4","58","56.79","0","0.3456","0","0","0","0"
"AJ Dillon","GB","RB","7.7","13.4","-5.7","7.7","13.4","-5.7","1","5","4.42","41","28.17","0","0.0768","11","18.513","0","1.01"
"Odell Beckham Jr.","BLT","WR","0","4.2","-4.2","0","4.2","-4.2","1","0","2.09","0","30.64","0","0.0192","0","0","0","0"
"Darrell Henderson","LA","RB","10","9.8","0.1999999999999993","10","9.8","0.2","1","3","2.71","54","15.87","0","0","31","51.8126","0","0.28"
"Marquez Valdes-Scantling","KC","WR","3.8","5.8","-2","3.8","5.8","-2","1","2","2.36","28","45.86","0","0.0096","0","0","0","0"
"C.J. Ham","MIN","RB","0.7","1","-0.30000000000000004","0.7","1","-0.3","1","1","0.85","2","6","0","0","0","0","0","0"
"David Njoku","CLV","TE","15.7","12.9","2.799999999999999","15.7","12.9","2.8","1","4","5.55","77","44.82","1","0.9408","0","0","0","0"
"Travis Etienne Jr.","JAX","RB","22.4","17.2","5.199999999999999","22.4","17.2","5.2","1","3","4.26","70","32.14","1","0.0384","79","105.9282","0","0.18"
"Johnny Mundt","MIN","TE","1.3","2.2","-0.9000000000000001","1.3","2.2","-0.9","1","1","0.9","8","2.21","0","0.2592","0","0","0","0"
"Jerick McKinnon","KC","RB","1.4","2.6","-1.2000000000000002","1.4","2.6","-1.2","1","1","1.68","11","13.16","0","0","-2","4.067","0","0"
"Derrick Henry","TEN","RB","13.7","13.7","0","13.7","13.7","0","1","3","2.69","17","17.48","0","0","105","103.5958","0","0.04"
"Darnell Mooney","CHI","WR","4.9","4.5","0.40000000000000036","4.9","4.5","0.4","1","1","1.05","41","23.95","0","0.2688","3","0","0","0"
"D'Wayne Eskridge","SEA","WR","-0.5","0.5","-1","-0.5","0.5","-1","1","0","0","0","0","0","0","-5","4.1748","0","0.02"
"Bijan Robinson","ATL","RB","12.2","7.4","4.799999999999999","12.2","7.4","4.8","1","0","1.47","0","14.23","0","0","62","46.354","1","0.1"
"Nick Westbrook-Ikhine","TEN","WR","9.8","4.6","5.200000000000001","9.8","4.6","5.2","1","1","0.48","33","17.17","1","0.4416","0","0","0","0"
"Jake Ferguson","DAL","TE","12.7","7.1","5.6","12.7","7.1","5.6","1","4","2.91","47","28.46","1","0.4704","0","0","0","0"
"Dallas Goedert","PHI","TE","5.6","5.7","-0.10000000000000053","5.6","5.7","-0.1","1","4","4.48","36","34.37","0","0","0","0","0","0"
"Damien Williams","ARZ","RB","1.4","1.7","-0.30000000000000004","1.4","1.7","-0.3","1","1","0.83","4","4.73","0","0","5","8.0066","0","0"
"Chris Godwin","TB","WR","15.3","10.2","5.100000000000001","15.3","10.2","5.1","1","5","4.4","54","45.78","1","0.4992","14","4.5178","0","0"
"Curtis Samuel","WAS","WR","4.2","4.4","-0.20000000000000018","4.2","4.4","-0.2","1","4","3.44","22","26.65","0","0.0096","0","0","0","0"
"Jaylen Waddle","MIA","WR","21.6","18.9","2.700000000000003","21.6","18.9","2.7","1","7","8.34","121","122.2","1","0.4224","0","0","0","0"
"Josh Reynolds","DET","WR","1.8","0.9","0.9","1.8","0.9","0.9","1","1","0.49","13","6.78","0","0","0","0","0","0"
"Stefon Diggs","BUF","WR","11.5","13.7","-2.1999999999999993","11.5","13.7","-2.2","1","9","8.44","70","85.12","0","0.1536","0","0","0","0"
"D'Andre Swift","PHI","RB","13.4","14","-0.5999999999999996","13.4","14","-0.6","1","2","2.18","7","26.18","0","0","57","64.68","1","0.63"
"Sean McKeon","DAL","TE","0","2.5","-2.5","0","2.5","-2.5","1","0","0.75","0","4.8","0","0.2784","0","0","0","0"
"Demario Douglas","NE","WR","5.4","10.4","-5","5.4","10.4","-5","1","5","4.91","25","33.12","0","0.6912","4","4.7824","0","0"
"Drew Sample","CIN","TE","0","1.2","-1.2","0","1.2","-1.2","1","0","0.89","0","7.56","0","0","0","0","0","0"
"Jonathan Mingo","CAR","WR","8.2","6.2","1.9999999999999991","8.2","6.2","2","1","4","3.51","62","43.96","0","0","0","0","0","0"
"Raheem Mostert","MIA","RB","10.6","8.9","1.6999999999999993","10.6","8.9","1.7","1","0","0","0","0","0","0","46","55.978","1","0.55"
"DeAndre Hopkins","TEN","WR","32.8","9.8","22.999999999999996","32.8","9.8","23","1","4","2.66","128","57.91","3","0.4416","0","0","0","0"
"Ezekiel Elliott","NE","RB","3.6","3.1","0.5","3.6","3.1","0.5","1","0","0","0","0","0","0","36","31.017","0","0"
"D.K. Metcalf","SEA","WR","9.2","24.9","-15.7","9.2","24.9","-15.7","1","5","8.41","67","98.6","0","1.8048","0","0","0","0"
"JuJu Smith-Schuster","NE","WR","6.8","4.5","2.3","6.8","4.5","2.3","1","1","0.68","3","2.04","1","0.6528","0","0","0","0"
"Darius Slayton","NYG","WR","0.4","3.5","-3.1","0.4","3.5","-3.1","1","1","1.22","-1","10.3","0","0.3168","0","0","0","0"
"Alec Ingold","MIA","RB","1","2.4","-1.4","1","2.4","-1.4","1","1","1.77","5","15.25","0","0","0","0","0","0"
"Kalif Raymond","DET","WR","3.2","4.8","-1.5999999999999996","3.2","4.8","-1.6","1","2","2.57","24","18.22","0","0.1728","-2","4.3414","0","0.03"
"Noah Fant","SEA","TE","4.2","3.7","0.5","4.2","3.7","0.5","1","2","2.43","32","25.28","0","0","0","0","0","0"
"Dyami Brown","WAS","WR","0","0.5","-0.5","0","0.5","-0.5","1","0","0","0","0","0","0","0","4.3708","0","0.01"
"Dalton Schultz","HST","TE","1.5","3.8","-2.3","1.5","3.8","-2.3","1","2","2.51","5","25.11","0","0.0096","0","0","0","0"
"Christian Kirk","JAX","WR","6.6","6.2","0.39999999999999947","6.6","6.2","0.4","1","4","3.49","46","44.8","0","0","0","0","0","0"
"Cole Kmet","CHI","TE","12.9","12.8","0.09999999999999964","12.9","12.8","0.1","1","10","7.69","79","75.5","0","0.24","0","0","0","0"
"Jordan Akins","CLV","TE","1.1","1.1","0","1.1","1.1","0","1","1","0.78","6","5.72","0","0.0192","0","0","0","0"
"Michael Pittman Jr.","IND","WR","14","17.1","-3.1000000000000014","14","17.1","-3.1","1","8","7.59","40","64.17","1","1.1424","0","0","0","0"
"Mack Hollins","ATL","WR","3.7","4.6","-0.8999999999999995","3.7","4.6","-0.9","1","2","1.66","27","21.7","0","0.2592","0","0","0","0"
"Will Mallory","IND","TE","1.1","1.2","-0.09999999999999987","1.1","1.2","-0.1","1","1","0.8","6","7.96","0","0","0","0","0","0"
"Hayden Hurst","CAR","TE","0","2","-2","0","2","-2","1","0","1.5","0","12.89","0","0","0","0","0","0"
"Romeo Doubs","GB","WR","9.8","15.8","-6","9.8","15.8","-6","1","4","5.71","18","64","1","1.0944","0","0","0","0"
"Stephen Sullivan","CAR","TE","1.8","1.2","0.6000000000000001","1.8","1.2","0.6","1","1","0.64","13","8.67","0","0","0","0","0","0"
"Javonte Williams","DEN","RB","17.3","20.8","-3.5","17.3","20.8","-3.5","1","3","2.78","13","12.4","1","0.2592","85","111.083","0","0.92"
"Keaontay Ingram","ARZ","RB","2.1","2.1","0","2.1","2.1","0","1","1","0.84","7","7.89","0","0","9","8.7906","0","0"
"Luke Farrell","JAX","TE","1","1.3","-0.30000000000000004","1","1.3","-0.3","1","1","0.83","5","9.02","0","0","0","0","0","0"
"Luke Musgrave","GB","TE","1.9","3.1","-1.2000000000000002","1.9","3.1","-1.2","1","2","2.13","9","16.72","0","0.0576","0","0","0","0"
"Keenan Allen","LAC","WR","10.9","12.1","-1.1999999999999993","10.9","12.1","-1.2","1","8","6.3","69","85.61","0","0.0576","0","0","0","0"
"Brian Robinson","WAS","RB","8.9","7.4","1.5","8.9","7.4","1.5","1","2","1.82","20","12.08","0","0","59","44.198","0","0.14"
"Saquon Barkley","NYG","RB","14.3","21.2","-6.899999999999999","14.3","21.2","-6.9","1","3","3.18","0","6.64","0","0","128","150.8514","0","0.64"
"Matt Breida","NYG","RB","2.2","3.8","-1.5999999999999996","2.2","3.8","-1.6","1","1","0.85","4","5.3","0","0","13","22.6184","0","0.1"
"Cam Akers","MIN","RB","9","7.3","1.7000000000000002","9","7.3","1.7","1","1","0.88","6","7.57","0","0","19","37.4654","1","0.4"
"Elijah Moore","CLV","WR","4","8","-4","4","8","-4","1","2","3.09","30","60.19","0","0.0672","0","0","0","0"
"Ja'Marr Chase","CIN","WR","20.2","17.2","3","20.2","17.2","3","1","10","8.59","100","86.78","1","0.5472","-8","9.2022","0","0"
"Tyler Allgeier","ATL","RB","3.1","3.9","-0.7999999999999998","3.1","3.9","-0.8","1","0","0","0","0","0","0","31","33.2514","0","0.09"
"Justice Hill","BLT","RB","7.5","5.4","2.0999999999999996","7.5","5.4","2.1","1","4","3.18","40","16.6","0","0","15","18.7082","0","0.04"
"Kenneth Walker III","SEA","RB","7.5","5.7","1.7999999999999998","7.5","5.7","1.8","1","1","1.47","4","16.3","0","0","66","31.066","0","0.03"
"Justin Watson","KC","WR","5.2","4.6","0.6000000000000005","5.2","4.6","0.6","1","2","1.41","42","32.96","0","0.096","0","0","0","0"
"Olamide Zaccheaus","PHI","WR","1","3.3","-2.3","1","3.3","-2.3","1","1","1.13","5","16.69","0","0.1728","0","0","0","0"
"Kyle Philips","TEN","WR","3.9","3.1","0.7999999999999998","3.9","3.1","0.8","1","3","2.45","24","19.16","0","0","0","0","0","0"
"Michael Thomas","NO","WR","8.8","7.9","0.9000000000000004","8.8","7.9","0.9","1","4","4.68","68","55.56","0","0","0","0","0","0"
"Michael Gallup","DAL","WR","3","3.8","-0.7999999999999998","3","3.8","-0.8","1","2","1.98","20","27.6","0","0","0","0","0","0"
"Cedrick Wilson Jr.","MIA","WR","6.6","2.9","3.6999999999999997","6.6","2.9","3.7","1","1","0.46","1","0.46","1","0.4416","0","0","0","0"
"CeeDee Lamb","DAL","WR","35","22.2","12.8","35","22.2","12.8","1","12","9.06","158","108.23","2","1.0464","12","4.8412","0","0.01"
"Christian Watson","GB","WR","4.8","19","-14.2","4.8","19","-14.2","1","3","4.3","33","59.05","0","1.824","0","0","0","0"
"Jalen Tolbert","DAL","WR","0","0.6","-0.6","0","0.6","-0.6","1","0","0.5","0","3.36","0","0","0","0","0","0"
"Tony Pollard","DAL","RB","6","7.8","-1.7999999999999998","6","7.8","-1.8","1","1","0.89","2","3.72","0","0.2016","53","52.92","0","0.08"
"Gus Edwards","BLT","RB","28.4","19.6","8.799999999999997","28.4","19.6","8.8","1","2","1.62","14","13.85","0","0","80","72.8736","3","1.69"
"Aaron Jones","GB","RB","6.7","10.9","-4.2","6.7","10.9","-4.2","1","4","4.37","18","27.78","0","0.3264","29","30.3114","0","0.15"
"Quentin Johnston","LAC","WR","7.5","9.3","-1.8000000000000007","7.5","9.3","-1.8","1","5","4.02","50","42.28","0","0.5088","0","0","0","0"
"Marquise Brown","ARZ","WR","12.3","13.6","-1.299999999999999","12.3","13.6","-1.3","1","6","5.68","33","47.44","1","1.0096","0","0","0","0"
"Ray-Ray McCloud III","SF","WR","5.3","2","3.3","5.3","2","3.3","1","2","1.86","43","11.05","0","0","0","0","0","0"
"Mecole Hardman Jr.","KC","WR","2.6","2.4","0.20000000000000018","2.6","2.4","0.2","1","2","1.89","13","8.98","0","0","3","4.8314","0","0.01"
"Craig Reynolds","DET","RB","9.1","11.1","-2","9.1","11.1","-2","1","1","0.87","12","5.9","0","0","74","57.3986","0","0.73"
"Daniel Bellinger","NYG","TE","0","1.3","-1.3","0","1.3","-1.3","1","0","0.85","0","8.72","0","0","0","0","0","0"
"Rondale Moore","ARZ","WR","3.1","5.8","-2.6999999999999997","3.1","5.8","-2.7","1","2","2.38","10","24.38","0","0.2112","11","8.1438","0","0.01"
"Kendrick Bourne","NE","WR","11.1","6.6","4.5","11.1","6.6","4.5","1","3","2.81","36","33.57","1","0.3072","0","0","0","0"
"Terry McLaurin","WAS","WR","14.8","18.4","-3.599999999999998","14.8","18.4","-3.6","1","5","7.12","63","100.47","1","0.8064","0","0","0","0"
"Brandin Cooks","DAL","WR","12.7","5.8","6.8999999999999995","12.7","5.8","6.9","1","3","1.99","49","29.05","1","0.192","3","3.6064","0","0.06"
"Van Jefferson","ATL","WR","3.9","6.4","-2.5000000000000004","3.9","6.4","-2.5","1","3","3.25","24","47.89","0","0","0","0","0","0"
"D'Onta Foreman","CHI","RB","4.1","5.6","-1.5","4.1","5.6","-1.5","1","1","1.33","2","5.7","0","0","34","40.6896","0","0.05"
"Pharaoh Brown","NE","TE","4.3","2.3","2","4.3","2.3","2","1","2","1.37","33","16.29","0","0","0","0","0","0"
"Brandon Powell","MIN","WR","1.7","2.8","-1.0999999999999999","1.7","2.8","-1.1","1","1","1.24","10","12.39","0","0.0864","2","3.822","0","0.01"
"Alex Armah","WAS","RB","0.5","1.1","-0.6000000000000001","0.5","1.1","-0.6","1","1","0.95","0","5.66","0","0.0096","0","0","0","0"
"Jeremy Ruckert","NYJ","TE","0","1.9","-1.9","0","1.9","-1.9","1","0","0.69","0","15.69","0","0","0","0","0","0"
"Tyler Boyd","CIN","WR","12.1","5.9","6.199999999999999","12.1","5.9","6.2","1","3","1.53","40","18.64","1","0.4704","6","4.2336","0","0"
"Cooper Kupp","LA","WR","4.1","11.3","-7.200000000000001","4.1","11.3","-7.2","1","4","6.46","21","66.46","0","0.24","0","0","0","0"
"Jonnu Smith","ATL","TE","1.8","1.2","0.6000000000000001","1.8","1.2","0.6","1","1","0.84","13","7.68","0","0","0","0","0","0"
"Joshua Kelley","LAC","RB","2.1","2.9","-0.7999999999999998","2.1","2.9","-0.8","1","0","0","0","0","0","0","21","27.44","0","0.03"
"Chase Edmonds","TB","RB","3.1","3.8","-0.6999999999999997","3.1","3.8","-0.7","1","2","2.63","16","13.89","0","0","5","11.3876","0","0"
"Donald Parham Jr.","LAC","TE","12.3","6.8","5.500000000000001","12.3","6.8","5.5","1","4","3.74","43","31.43","1","0.2976","0","0","0","0"
"Hunter Henry","NE","TE","4.3","3.8","0.5","4.3","3.8","0.5","1","3","2.3","28","25.32","0","0.0192","0","0","0","0"
"Isaiah Likely","BLT","TE","1.5","1.9","-0.3999999999999999","1.5","1.9","-0.4","1","1","0.67","10","8.05","0","0.1248","0","0","0","0"
"Isiah Pacheco","KC","RB","5.2","8","-2.8","5.2","8","-2.8","1","3","3.63","-3","22.64","0","0.0096","40","37.044","0","0.03"
"Chuba Hubbard","CAR","RB","6.4","14.3","-7.9","6.4","14.3","-7.9","1","2","1.71","26","10.67","0","0","28","55.8898","0","1.13"
"Kyle Pitts","ATL","TE","5","6","-1","5","6","-1","1","3","2.78","35","45.92","0","0","0","0","0","0"
"Simi Fehoko","LAC","WR","7.4","3.9","3.5000000000000004","7.4","3.9","3.5","1","1","1.39","9","16.66","1","0.2496","0","0","0","0"
"Mo Alie-Cox","IND","TE","1.6","1.6","0","1.6","1.6","0","1","1","1.27","11","9.18","0","0","0","0","0","0"
"Chase Claypool","MIA","WR","2","2.9","-0.8999999999999999","2","2.9","-0.9","1","1","1.47","15","18.01","0","0.0672","0","0","0","0"
"Miles Sanders","CAR","RB","0","1","-1","0","1","-1","1","0","0","0","0","0","0","0","9.604","0","0"
"Latavius Murray","BUF","RB","1.6","7.8","-6.199999999999999","1.6","7.8","-6.2","1","1","0.9","4","4.84","0","0","7","14.7886","0","0.89"
"Trent Taylor","CHI","WR","-0.2","0.5","-0.7","-0.2","0.5","-0.7","1","0","0","0","0","0","0","-2","4.5472","0","0"
"Allen Robinson II","PIT","WR","0","1.9","-1.9","0","1.9","-1.9","1","0","0.42","0","16.71","0","0","0","0","0","0"
"Ke'Shawn Vaughn","TB","RB","0.1","0.5","-0.4","0.1","0.5","-0.4","1","0","0","0","0","0","0","1","4.704","0","0"
"Emari Demercado","ARZ","RB","8.4","9.8","-1.4000000000000004","8.4","9.8","-1.4","1","1","0.89","1","3.94","0","0","78","86.9358","0","0.04"
"Jonathan Taylor","IND","RB","10.2","9.7","0.5","10.2","9.7","0.5","1","1","1.36","2","9.69","0","0.0096","95","50.7346","0","0.49"
"Wan'Dale Robinson","NYG","WR","1.7","2.2","-0.5000000000000002","1.7","2.2","-0.5","1","0","0.8","0","7.12","0","0","17","8.6436","0","0.03"
"Nelson Agholor","BLT","WR","0","0.9","-0.9","0","0.9","-0.9","1","0","0.47","0","6.89","0","0","0","0","0","0"
"Tank Dell","HST","WR","4.6","6.2","-1.6000000000000005","4.6","6.2","-1.6","1","3","3.03","16","28.2","0","0.0672","15","12.8282","0","0.03"
"Payne Durham","TB","TE","0","1.5","-1.5","0","1.5","-1.5","1","0","0.43","0","10.73","0","0.0384","0","0","0","0"
"Jake Bobo","SEA","WR","9.6","4.8","4.8","9.6","4.8","4.8","1","2","1.58","23","15.1","0","0","3","1.9012","1","0.38"
"Irv Smith Jr.","CIN","TE","4.4","6.5","-2.0999999999999996","4.4","6.5","-2.1","1","4","3.42","24","23.99","0","0.4032","0","0","0","0"
"Velus Jones Jr.","CHI","WR","0.9","3.7","-2.8000000000000003","0.9","3.7","-2.8","1","1","1.04","4","17.23","0","0.2496","0","0","0","0"
"DJ Chark Jr.","CAR","WR","3.3","6.1","-2.8","3.3","6.1","-2.8","1","2","2.45","23","45.99","0","0.0384","0","0","0","0"
"Dontayvion Wicks","GB","WR","3.8","7.4","-3.6000000000000005","3.8","7.4","-3.6","1","2","2.75","28","36.15","0","0.3936","0","0","0","0"
"Allen Lazard","NYJ","WR","6","7.3","-1.2999999999999998","6","7.3","-1.3","1","3","3.81","45","52.88","0","0.0096","0","0","0","0"
"Jaleel McLaughlin","DEN","RB","5.4","4.4","1","5.4","4.4","1","1","3","2.87","15","12.11","0","0.1248","24","9.212","0","0.01"
"Jahan Dotson","WAS","WR","20.8","12.4","8.4","20.8","12.4","8.4","1","8","5.81","108","68.2","1","0.4416","0","0","0","0"
"Davante Adams","LV","WR","1.6","9.5","-7.9","1.6","9.5","-7.9","1","1","3.16","11","64.24","0","0.2496","0","0","0","0"
"Breece Hall","NYJ","RB","18.3","14.4","3.9000000000000004","18.3","14.4","3.9","1","6","6.89","76","52.8","1","0","17","56.3402","0","0.01"
"Mike Gesicki","NE","TE","2.1","4","-1.9","2.1","4","-1.9","1","2","2.25","11","29.17","0","0","0","0","0","0"
"Drake London","ATL","WR","8","6.8","1.2000000000000002","8","6.8","1.2","1","5","3.71","55","48.72","0","0.0192","0","0","0","0"
"Darren Waller","NYG","TE","0.9","1.9","-0.9999999999999999","0.9","1.9","-1","1","1","1.32","4","11.96","0","0","0","0","0","0"
"Zack Moss","IND","RB","13.9","10","3.9000000000000004","13.9","10","3.9","1","1","0.83","8","6.34","0","0","66","41.082","1","0.81"
"Boston Scott","PHI","RB","0.9","0.7","0.20000000000000007","0.9","0.7","0.2","1","1","0.91","4","2.64","0","0","0","0","0","0"
"Taysom Hill","NO","TE","20.2","11","9.2","20.2","11","9.2","1","1","0.84","14","6.65","0","0","63","24.6474","2","1.25"
"George Kittle","SF","TE","19.4","18.2","1.1999999999999993","19.4","18.2","1.2","1","9","7.95","149","101.23","0","0.6816","0","0","0","0"
"Blake Bell","KC","TE","0","1","-1","0","1","-1","1","0","0.9","0","5.51","0","0","0","0","0","0"
"Terrace Marshall Jr.","CAR","WR","1.4","2","-0.6000000000000001","1.4","2","-0.6","1","1","0.69","9","7.04","0","0.1632","0","0","0","0"
"Dalvin Cook","NYJ","RB","0.5","0.9","-0.4","0.5","0.9","-0.4","1","0","0","0","0","0","0","5","8.7514","0","0"
"KhaDarel Hodge","ATL","WR","9","4.5","4.5","9","4.5","4.5","1","3","1.97","75","34.92","0","0","0","0","0","0"
"Juwann Winfree","IND","WR","0","1.7","-1.7","0","1.7","-1.7","1","0","0.61","0","14.03","0","0","0","0","0","0"
"Adam Thielen","CAR","WR","11.2","16.1","-4.900000000000002","11.2","16.1","-4.9","1","8","8.03","72","68.75","0","0.8736","0","0","0","0"
"Travis Kelce","KC","TE","8.8","10.2","-1.3999999999999986","8.8","10.2","-1.4","1","6","5.96","58","54.11","0","0.2976","0","0","0","0"
"Julian Hill","MIA","TE","0.9","2.2","-1.3000000000000003","0.9","2.2","-1.3","1","1","1.61","4","13.66","0","0","0","0","0","0"
"Darrynton Evans","CHI","RB","11.5","8.3","3.1999999999999993","11.5","8.3","3.2","1","3","3.22","22","19.19","0","0.192","18","12.5244","1","0.39"
"Marvin Mims Jr.","DEN","WR","0.5","1","-0.5","0.5","1","-0.5","1","1","0.92","0","5.78","0","0","0","0","0","0"
"Harrison Bryant","CLV","TE","0","3.8","-3.8","0","3.8","-3.8","1","0","0.49","0","6.86","0","0.4704","0","0","0","0"
"Cordarrelle Patterson","ATL","RB","0.7","1","-0.30000000000000004","0.7","1","-0.3","1","0","0","0","0","0","0","7","8.6926","0","0.02"
"Pierre Strong Jr.","CLV","RB","8.7","5.7","2.999999999999999","8.7","5.7","3","1","1","0.95","41","3.77","0","0","41","42.0322","0","0.1"
"Jalen Reagor","NE","WR","0","4.9","-4.9","0","4.9","-4.9","1","0","1.09","0","8.69","0","0.576","0","0","0","0"
"Joe Mixon","CIN","RB","18.5","16.2","2.3000000000000007","18.5","16.2","2.3","1","3","2.53","23","15.76","0","0.4704","87","68.1394","1","0.62"
"Jamison Crowder","WAS","WR","19","9.8","9.2","19","9.8","9.2","1","7","5.17","95","58.41","1","0.2208","0","0","0","0"
"Mike Evans","TB","WR","11.4","9.9","1.5","11.4","9.9","1.5","1","3","2.67","39","44.47","1","0.6912","0","0","0","0"
"Kareem Hunt","CLV","RB","13.2","10","3.1999999999999993","13.2","10","3.2","1","1","0.92","12","5.56","0","0","55","54.9098","1","0.59"
"Roschon Johnson","CHI","RB","4.4","7.5","-3.0999999999999996","4.4","7.5","-3.1","1","3","3.66","10","22.79","0","0.1824","19","22.4518","0","0.01"
"Josh Downs","IND","WR","10.7","10.8","-0.10000000000000142","10.7","10.8","-0.1","1","7","6.37","72","70.87","0","0.0864","0","0","0","0"
"Jerry Jeudy","DEN","WR","12","10.8","1.1999999999999993","12","10.8","1.2","1","2","2.47","50","59.17","1","0.6048","0","0","0","0"
"D'Ernest Johnson","JAX","RB","0.8","1","-0.19999999999999996","0.8","1","-0.2","1","0","0","0","0","0","0","8","9.261","0","0.02"
"Noah Brown","HST","WR","7.2","6.4","0.7999999999999998","7.2","6.4","0.8","1","3","2.36","57","41.09","0","0.192","0","0","0","0"
"Dalton Kincaid","BUF","TE","15","14.3","0.6999999999999993","15","14.3","0.7","1","5","5.27","65","47.75","1","1.1536","0","0","0","0"
"Andrei Iosivas","CIN","WR","6.7","3.7","3","6.7","3.7","3","1","1","0.58","2","1.16","1","0.5568","0","0","0","0"
"Diontae Johnson","PIT","WR","12.5","22.8","-10.3","12.5","22.8","-10.3","1","8","8.48","85","125.33","0","1.008","0","0","0","0"
"Jayden Reed","GB","WR","10.3","8.5","1.8000000000000007","10.3","8.5","1.8","1","4","3.8","83","62.97","0","0.0576","0","0","0","0"
"Juwan Johnson","NO","TE","1","3.6","-2.6","1","3.6","-2.6","1","1","0.89","5","9.57","0","0.3744","0","0","0","0"
"Evan Engram","JAX","TE","14.6","13.3","1.299999999999999","14.6","13.3","1.3","1","10","8.26","96","75.39","0","0.2688","0","0","0","0"
"Austin Ekeler","LAC","RB","21.9","16.6","5.299999999999997","21.9","16.6","5.3","1","7","7.22","95","45.2","1","0.2112","29","66.4244","0","0.09"
"Tyler Lockett","SEA","WR","18.1","13.8","4.300000000000001","18.1","13.8","4.3","1","8","6.13","81","78.63","1","0.4704","0","0","0","0"
"Robert Tonyan","CHI","TE","1.3","1.3","0","1.3","1.3","0","1","1","0.85","8","8.25","0","0","0","0","0","0"
"Tank Bigsby","JAX","RB","1","1.4","-0.3999999999999999","1","1.4","-0.4","1","0","0","0","0","0","0","10","12.691","0","0.02"
"Rashod Bateman","BLT","WR","6.2","2.6","3.6","6.2","2.6","3.6","1","2","0.91","34","16.22","0","0.0096","18","5.0078","0","0"
"Braxton Berrios","MIA","WR","1.8","3","-1.2","1.8","3","-1.2","1","2","2.2","8","18.72","0","0","0","0","0","0"
"Mark Andrews","BLT","TE","12","8.9","3.0999999999999996","12","8.9","3.1","1","4","3.66","40","32.36","1","0.6336","0","0","0","0"
"Treylon Burks","TEN","WR","0","3.3","-3.3","0","3.3","-3.3","1","0","0.67","0","28.6","0","0.0192","0","0","0","0"
"K.J. Osborn","MIN","WR","13.9","14.1","-0.1999999999999993","13.9","14.1","-0.2","1","8","7.87","99","84.64","0","0.288","0","0","0","0"
"Alexander Mattison","MIN","RB","3.8","9.7","-5.8999999999999995","3.8","9.7","-5.9","1","1","0.81","2","5.17","0","0.1728","31","69.0802","0","0.14"
"KaVontae Turpin","DAL","WR","1.8","2.5","-0.7","1.8","2.5","-0.7","1","1","1.18","13","19.33","0","0","0","0","0","0"
"Jeff Wilson Jr.","MIA","RB","4.7","4.1","0.6000000000000005","4.7","4.1","0.6","1","2","1.67","14","9.36","0","0","23","21.6776","0","0.02"
"A.J. Brown","PHI","WR","29","13.3","15.7","29","13.3","15.7","1","8","4.67","130","66.08","2","0.72","0","0","0","0"
"Xavier Gipson","NYJ","WR","0.3","1.5","-1.2","0.3","1.5","-1.2","1","0","0.79","0","6.87","0","0","3","4.655","0","0"
"Courtland Sutton","DEN","WR","9.9","4.3","5.6000000000000005","9.9","4.3","5.6","1","2","1.33","29","15.99","1","0.336","0","0","0","0"
"Trayveon Williams","CIN","RB","0.6","0.9","-0.30000000000000004","0.6","0.9","-0.3","1","0","0","0","0","0","0","6","8.7024","0","0"
"Calvin Austin III","PIT","WR","3.9","2.3","1.6","3.9","2.3","1.6","1","2","0.72","19","10.19","0","0","10","9.359","0","0"
"Elijah Mitchell","SF","RB","0.2","5.4","-5.2","0.2","5.4","-5.2","1","0","0.76","0","3.81","0","0.3744","2","10.5938","0","0.23"
"Khalil Shakir","BUF","WR","12.2","8.1","4.1","12.2","8.1","4.1","1","6","4.31","92","49.28","0","0.1632","0","0","0","0"
"Brandon Aiyuk","SF","WR","13.4","14.6","-1.1999999999999993","13.4","14.6","-1.2","1","5","5.74","109","110.21","0","0.1248","0","0","0","0"
"Raheem Blackshear","CAR","RB","4.1","3.4","0.6999999999999997","4.1","3.4","0.7","1","2","1.66","26","9.31","0","0.0384","5","11.8482","0","0.04"
"Derius Davis","LAC","WR","1.4","2.1","-0.7000000000000002","1.4","2.1","-0.7","1","2","1.87","4","10.91","0","0.0096","0","0","0","0"
"Jordan Addison","MIN","WR","17.9","14.2","3.6999999999999993","17.9","14.2","3.7","1","7","5.44","82","57.07","1","0.864","2","3.6652","0","0.04"
"Ben Skowronek","LA","WR","8.5","2.3","6.2","8.5","2.3","6.2","1","1","0.59","20","8.08","1","0.2016","0","0","0","0"