"Player","Team","Pos","Fantasy Points Pts","Fantasy Points x-Pts","Fantasy Points +/-","Points Per Game PPG","Points Per Game x-PPG","Points Per Game +/-","#G","Receiving Rec","Receiving X-Rec","Receiving Yds","Receiving X-Yds","Receiving TD","Receiving X-TD","Rushing Yds","Rushing X-Yds","Rushing TD","Rushing X-TD"
"Hunter Renfrow","LV","WR","2.8","1.7","1.0999999999999999","2.8","1.7","1.1","1","1","0.57","23","14.05","0","0","0","0","0","0"
"Rhamondre Stevenson","NE","RB","13.5","13.1","0.40000000000000036","13.5","13.1","0.4","1","3","2.72","10","20.85","0","0.0192","50","58.9274","1","0.61"
"Christian McCaffrey","SF","RB","21","14.5","6.5","21","14.5","6.5","1","3","2.69","19","20.67","0","0.0096","116","85.8578","1","0.41"
"T.J. Hockenson","MIN","TE","22.1","13.7","8.400000000000002","22.1","13.7","8.4","1","7","5.64","66","52.31","2","0.9408","0","0","0","0"
"Alec Pierce","IND","WR","3.8","3.2","0.5999999999999996","3.8","3.2","0.6","1","2","1.47","28","24.54","0","0","0","0","0","0"
"Mike Williams","LAC","WR","12.6","15.6","-3","12.6","15.6","-3","1","8","7.48","83","99.51","0","0.24","3","4.8804","0","0"
"Devin Singletary","HST","RB","2.9","2.9","0","2.9","2.9","0","1","1","0.75","10","6.83","0","0","14","17.8752","0","0.01"
"Byron Pringle","WAS","WR","0.9","1.2","-0.29999999999999993","0.9","1.2","-0.3","1","1","0.85","4","7.23","0","0.0096","0","0","0","0"
"Josh Jacobs","LV","RB","7.4","10.8","-3.4000000000000004","7.4","10.8","-3.4","1","5","4.71","51","42.18","0","0","-2","40.7876","0","0.02"
"Trey McBride","ARZ","TE","4.2","3","1.2000000000000002","4.2","3","1.2","1","2","1.51","32","22.04","0","0","0","0","0","0"
"Nico Collins","HST","WR","24.1","15.2","8.900000000000002","24.1","15.2","8.9","1","7","5.91","146","93.54","1","0.4896","0","0","0","0"
"Zamir White","LV","RB","2.2","1.9","0.30000000000000027","2.2","1.9","0.3","1","0","0","0","0","0","0","22","15.5722","0","0.05"
"Erik Ezukanma","MIA","WR","0.5","4.3","-3.8","0.5","4.3","-3.8","1","0","0.78","0","8.02","0","0.0192","5","6.7718","0","0.38"
"Damien Harris","BUF","RB","9.3","9.7","-0.3999999999999986","9.3","9.7","-0.4","1","0","0","0","0","0","0","33","20.4632","1","1.27"
"Chigoziem Okonkwo","TEN","TE","5.5","5.2","0.2999999999999998","5.5","5.2","0.3","1","4","3.36","35","34.43","0","0.0096","0","0","0","0"
"Ameer Abdullah","LV","RB","1","2.4","-1.4","1","2.4","-1.4","1","1","1.74","5","15.18","0","0","0","0","0","0"
"Samaje Perine","DEN","RB","3.9","5.2","-1.3000000000000003","3.9","5.2","-1.3","1","3","2.59","20","16.65","0","0.2784","4","3.1654","0","0.04"
"Austin Hooper","LV","TE","3","2.4","0.6000000000000001","3","2.4","0.6","1","2","1.41","20","16.6","0","0","0","0","0","0"
"Antonio Gibson","WAS","RB","6.8","5.4","1.3999999999999995","6.8","5.4","1.4","1","3","3.48","44","25.96","0","0.0288","9","8.6436","0","0.01"
"Randall Cobb","NYJ","WR","0","1.5","-1.5","0","1.5","-1.5","1","0","0.74","0","11.16","0","0","0","0","0","0"
"David Montgomery","DET","RB","13.9","11.7","2.200000000000001","13.9","11.7","2.2","1","1","0.77","7","7.32","0","0","67","66.4342","1","0.66"
"Zach Charbonnet","SEA","RB","4","5.6","-1.5999999999999996","4","5.6","-1.6","1","2","1.7","14","13.98","0","0","16","14.994","0","0.31"
"Durham Smythe","MIA","TE","3.8","3.8","0","3.8","3.8","0","1","3","2.35","23","25.79","0","0","0","0","0","0"
"Gabe Davis","BUF","WR","18.2","11.1","7.1","18.2","11.1","7.1","1","6","4.23","92","56.2","1","0.5568","0","0","0","0"
"De'Von Achane","MIA","RB","1.4","1.7","-0.30000000000000004","1.4","1.7","-0.3","1","1","0.84","4","7.58","0","0","5","4.4198","0","0.01"
"Tre Tucker","LV","WR","3.4","2.4","1","3.4","2.4","1","1","0","0.38","0","17.65","0","0","34","4.8608","0","0"
"Jahmyr Gibbs","DET","RB","9.1","14.4","-5.300000000000001","9.1","14.4","-5.3","1","7","7.56","39","66.06","0","0.096","17","32.8006","0","0.02"
"Rakim Jarrett","TB","WR","1.2","1.3","-0.10000000000000009","1.2","1.3","-0.1","1","1","0.79","7","7.49","0","0.0288","0","0","0","0"
"Salvon Ahmed","MIA","RB","5.6","5.2","0.39999999999999947","5.6","5.2","0.4","1","3","2.68","28","15.66","0","0.0576","13","11.9756","0","0.13"
"Deebo Samuel","SF","WR","19.1","15.1","4.000000000000002","19.1","15.1","4","1","6","6.95","63","73.35","0","0.48","38","14.014","1","0"
"Clyde Edwards-Helaire","KC","RB","2.7","2.3","0.40000000000000036","2.7","2.3","0.4","1","2","1.75","17","9.54","0","0","0","4.8608","0","0"
"Brevin Jordan","HST","TE","3.7","3.1","0.6000000000000001","3.7","3.1","0.6","1","2","1.42","27","20.95","0","0.048","0","0","0","0"
"Jaylen Warren","PIT","RB","10.6","8.1","2.5","10.6","8.1","2.5","1","4","4.61","66","27.95","0","0.0096","20","27.9202","0","0.02"
"Adam Trautman","DEN","TE","0","4.9","-4.9","0","4.9","-4.9","1","0","0.73","0","2.92","0","0.7008","0","0","0","0"
"Sean Tucker","TB","RB","0.7","3.8","-3.0999999999999996","0.7","3.8","-3.1","1","0","0","0","0","0","0","7","36.9166","0","0.01"
"Joshua Palmer","LAC","WR","2.8","7.4","-4.6000000000000005","2.8","7.4","-4.6","1","3","2.37","13","25.63","0","0.6048","0","0","0","0"
"Logan Thomas","WAS","TE","9.2","8.2","1","9.2","8.2","1","1","2","1.8","22","15.87","1","0.9504","0","0","0","0"
"Chris Olave","NO","WR","11.6","17","-5.4","11.6","17","-5.4","1","6","7.07","86","101.19","0","0.5568","0","0","0","0"
"Noah Gray","KC","TE","5.3","3.8","1.5","5.3","3.8","1.5","1","3","2.43","38","18.6","0","0.1152","0","0","0","0"
"Puka Nacua","LA","WR","22.6","23.7","-1.0999999999999979","22.6","23.7","-1.1","1","15","14.11","147","149.47","0","0.096","4","7.8302","0","0.06"
"Rico Dowdle","DAL","RB","4.8","9.2","-4.3999999999999995","4.8","9.2","-4.4","1","1","0.98","17","4.31","0","0","26","24.471","0","0.98"
"Isaiah Spiller","LAC","RB","0.3","0.6","-0.3","0.3","0.6","-0.3","1","0","0","0","0","0","0","3","3.724","0","0.03"
"Isaiah Hodgins","NYG","WR","12","9.8","2.1999999999999993","12","9.8","2.2","1","4","3.05","40","28.01","1","0.912","0","0","0","0"
"Rashid Shaheed","NO","WR","8.3","4.9","3.4000000000000004","8.3","4.9","3.4","1","4","2.78","63","34.75","0","0.0096","0","0","0","0"
"Devin Duvernay","BLT","WR","1.5","5.4","-3.9000000000000004","1.5","5.4","-3.9","1","0","1.76","0","20.6","0","0.192","15","13.4946","0","0"
"Marquise Goodwin","CLV","WR","0","4.1","-4.1","0","4.1","-4.1","1","0","0.56","0","24.88","0","0.2208","0","0","0","0"
"Justin Jefferson","MIN","WR","21.4","19.7","1.6999999999999993","21.4","19.7","1.7","1","11","8.51","159","115.03","0","0.6624","0","0","0","0"
"Keith Kirkwood","NO","WR","0","1.5","-1.5","0","1.5","-1.5","1","0","0.76","0","11.29","0","0","0","0","0","0"
"DeVante Parker","NE","WR","8.7","9.1","-0.40000000000000036","8.7","9.1","-0.4","1","6","5.65","57","52.13","0","0.1824","0","0","0","0"
"Jerome Ford","CLV","RB","20.6","14.4","6.200000000000001","20.6","14.4","6.2","1","3","3.14","25","20.76","1","0.5952","106","69.1782","0","0.04"
"John Bates","WAS","TE","6.1","5","1.0999999999999996","6.1","5","1.1","1","3","2.76","46","33.06","0","0.048","0","0","0","0"
"Amon-Ra St. Brown","DET","WR","13.2","10.9","2.299999999999999","13.2","10.9","2.3","1","6","4.85","102","64.93","0","0.3264","0","0","0","0"
"Malik Heath","GB","WR","0","0.6","-0.6","0","0.6","-0.6","1","0","0.5","0","3.18","0","0","0","0","0","0"
"Rachaad White","TB","RB","18.8","17.2","1.6000000000000014","18.8","17.2","1.6","1","5","4.44","30","25.85","0","0.3072","73","72.2946","1","0.56"
"Jaxon Smith-Njigba","SEA","WR","5.9","8.2","-2.299999999999999","5.9","8.2","-2.3","1","5","4.81","34","39.48","0","0.3072","0","0","0","0"
"Najee Harris","PIT","RB","4.8","7.6","-2.8","4.8","7.6","-2.8","1","1","2.6","0","16.34","0","0","43","46.9812","0","0"
"Isaiah McKenzie","IND","WR","1.2","1","0.19999999999999996","1.2","1","0.2","1","1","0.96","7","4.75","0","0","0","0","0","0"
"Jalin Hyatt","NYG","WR","9.9","4","5.9","9.9","4","5.9","1","2","0.79","89","34.72","0","0.0288","0","0","0","0"
"Skyy Moore","KC","WR","14.5","6.8","7.7","14.5","6.8","7.7","1","3","2.38","70","41.91","1","0.24","0","0","0","0"
"Rashaad Penny","PHI","RB","1.9","2.5","-0.6000000000000001","1.9","2.5","-0.6","1","1","0.88","5","6.56","0","0","9","12.9556","0","0.01"
"Cade Otton","TB","TE","7.1","6.5","0.5999999999999996","7.1","6.5","0.6","1","6","4.68","41","41.98","0","0","0","0","0","0"
"Chase Brown","CIN","RB","0.2","0.5","-0.3","0.2","0.5","-0.3","1","0","0","0","0","0","0","2","4.7824","0","0.01"
"Elijah Dotson","LAC","RB","2.9","4","-1.1","2.9","4","-1.1","1","2","1.8","13","12.75","0","0","6","15.5134","0","0.05"
"Luke Schoonmaker","DAL","TE","6.6","4.6","2","6.6","4.6","2","1","1","0.73","1","0.73","1","0.7008","0","0","0","0"
"Tyler Conklin","NYJ","TE","7.5","5.9","1.5999999999999996","7.5","5.9","1.6","1","5","3.95","50","39.36","0","0","0","0","0","0"
"Khalil Herbert","CHI","RB","6.3","7.4","-1.1000000000000005","6.3","7.4","-1.1","1","1","2.7","23","14.64","0","0.0288","35","29.3118","0","0.25"
"Xavier Hutchinson","HST","WR","0","1.1","-1.1","0","1.1","-1.1","1","0","0.49","0","8.08","0","0","0","0","0","0"
"Michael Carter","NYJ","RB","1.6","2.6","-1","1.6","2.6","-1","1","1","1.37","3","10.11","0","0","8","8.8886","0","0"
"Calvin Ridley","JAX","WR","4.2","13.4","-9.2","4.2","13.4","-9.2","1","2","4.21","32","49.53","0","1.056","0","0","0","0"
"Tyjae Spears","TEN","RB","6.5","6.2","0.2999999999999998","6.5","6.2","0.3","1","2","1.7","6","15.17","0","0","49","36.0738","0","0.03"
"Patrick Taylor","GB","RB","0.1","0.8","-0.7000000000000001","0.1","0.8","-0.7","1","0","0.5","0","0.02","0","0","1","3.4202","0","0.03"
"Tyreek Hill","MIA","WR","12.5","15.2","-2.6999999999999993","12.5","15.2","-2.7","1","5","5.53","40","81.29","1","0.7104","0","0","0","0"
"Dameon Pierce","HST","RB","4.5","14.4","-9.9","4.5","14.4","-9.9","1","2","2.54","4","17","0","0.2016","31","62.8376","0","0.65"
"Michael Mayer","LV","TE","0.7","0.4","0.29999999999999993","0.7","0.4","0.3","1","1","0.5","2","1.77","0","0","0","0","0","0"
"Garrett Wilson","NYJ","WR","15.3","10.3","5","15.3","10.3","5","1","2","4.24","83","78.82","1","0.0576","0","0","0","0"
"Tutu Atwell","LA","WR","11.7","12.2","-0.5","11.7","12.2","-0.5","1","7","6.05","77","86.72","0","0","5","4.851","0","0"
"Rashee Rice","KC","WR","3","2.7","0.2999999999999998","3","2.7","0.3","1","2","1.55","20","16.92","0","0.0384","0","0","0","0"
"Deonte Harty","BUF","WR","1.4","2.4","-1","1.4","2.4","-1","1","2","1.85","4","8.32","0","0.1152","0","0","0","0"
"Tyler Higbee","LA","TE","2.7","6.4","-3.7","2.7","6.4","-3.7","1","3","4.5","12","40.75","0","0.0096","0","0","0","0"
"Amari Cooper","CLV","WR","12.5","12.6","-0.09999999999999964","12.5","12.6","-0.1","1","7","5.56","90","88.45","0","0.1632","0","0","0","0"
"Reggie Gilliam","BUF","RB","0.8","1.1","-0.30000000000000004","0.8","1.1","-0.3","1","1","0.87","3","7.09","0","0","0","0","0","0"
"Kadarius Toney","KC","WR","6.3","5.7","0.5999999999999996","6.3","5.7","0.6","1","5","4.37","35","30.75","0","0","3","4.6844","0","0"
"DJ Moore","CHI","WR","13.4","7.8","5.6000000000000005","13.4","7.8","5.6","1","6","4.31","104","56.29","0","0","0","0","0","0"
"DeVonta Smith","PHI","WR","21.1","7.4","13.700000000000001","21.1","7.4","13.7","1","4","2.64","131","58.96","1","0.0288","0","0","0","0"
"Cole Turner","WAS","TE","3.1","3.2","-0.10000000000000009","3.1","3.2","-0.1","1","2","1.7","21","10.82","0","0.2112","0","0","0","0"
"Jamaal Williams","NO","RB","2.9","5.2","-2.3000000000000003","2.9","5.2","-2.3","1","0","0","0","0","0","0","29","39.3274","0","0.21"
"Sam LaPorta","DET","TE","8.8","7.6","1.200000000000001","8.8","7.6","1.2","1","5","4","63","34.21","0","0.3648","0","0","0","0"
"George Pickens","PIT","WR","20.7","12.6","8.1","20.7","12.6","8.1","1","4","5.87","127","91.69","1","0.0768","0","0","0","0"
"Tee Higgins","CIN","WR","24.9","22.6","2.299999999999997","24.9","22.6","2.3","1","8","6.8","89","80.46","2","1.8624","0","0","0","0"
"Zay Flowers","BLT","WR","8.8","9.2","-0.3999999999999986","8.8","9.2","-0.4","1","4","3.38","62","38.16","0","0.4416","6","3.4202","0","0.12"
"Colby Parkinson","SEA","TE","5.1","3.7","1.3999999999999995","5.1","3.7","1.4","1","2","1.28","41","18.7","0","0.192","0","0","0","0"
"Foster Moreau","NO","TE","3","2.9","0.10000000000000009","3","2.9","0.1","1","2","1.66","20","11.07","0","0.1536","0","0","0","0"
"Andrew Beck","HST","RB","0.2","3.2","-3","0.2","3.2","-3","1","0","0","0","0","0","0","2","4.6746","0","0.46"
"Zach Pascal","ARZ","WR","1.4","1","0.3999999999999999","1.4","1","0.4","1","1","0.95","9","5.3","0","0","0","0","0","0"
"Jamal Agnew","JAX","WR","1","1.3","-0.30000000000000004","1","1.3","-0.3","1","1","0.84","5","8.52","0","0","0","0","0","0"
"Gunner Olszewski","PIT","WR","0.5","1.1","-0.6000000000000001","0.5","1.1","-0.6","1","1","0.89","0","6.5","0","0","0","0","0","0"
"Deven Thompkins","TB","WR","1.1","0.5","0.6000000000000001","1.1","0.5","0.6","1","0","0","0","0","0","0","11","4.8902","0","0"
"James Cook","BUF","RB","17.9","14.5","3.3999999999999986","17.9","14.5","3.4","1","4","3.61","36","24.24","0","0.0192","123","73.304","0","0.47"
"Trey Palmer","TB","WR","2.5","3.3","-0.7999999999999998","2.5","3.3","-0.8","1","1","0.79","20","14.4","0","0.24","0","0","0","0"
"Michael Wilson","ARZ","WR","7.1","6.7","0.39999999999999947","7.1","6.7","0.4","1","3","2.21","56","47.45","0","0.144","0","0","0","0"
"AJ Dillon","GB","RB","6.8","8.6","-1.7999999999999998","6.8","8.6","-1.8","1","1","0.83","8","8.77","0","0","55","64.3762","0","0.15"
"Odell Beckham Jr.","BLT","WR","4.4","6.4","-2","4.4","6.4","-2","1","3","2.39","29","27.79","0","0.4032","0","0","0","0"
"Marquez Valdes-Scantling","KC","WR","2.3","4","-1.7000000000000002","2.3","4","-1.7","1","2","2.3","13","28.2","0","0.0096","0","0","0","0"
"David Njoku","CLV","TE","6.8","4.1","2.7","6.8","4.1","2.7","1","4","3.09","48","23.62","0","0.0384","0","0","0","0"
"Dawson Knox","BUF","TE","8.5","10.7","-2.1999999999999993","8.5","10.7","-2.2","1","3","3.63","10","18.17","1","1.1808","0","0","0","0"
"Travis Etienne Jr.","JAX","RB","5.2","7.8","-2.5999999999999996","5.2","7.8","-2.6","1","2","1.76","2","13.07","0","0.0096","40","52.3614","0","0.06"
"Kyren Williams","LA","RB","25","21","4","25","21","4","1","6","7.84","48","56.43","1","0.3264","52","50.6856","1","0.73"
"Jerick McKinnon","KC","RB","3.7","3.5","0.20000000000000018","3.7","3.5","0.2","1","3","2.63","24","17.83","0","0","-2","4.4786","0","0"
"Derrick Henry","TEN","RB","17","22.6","-5.600000000000001","17","22.6","-5.6","1","3","2.71","15","16.35","0","0","80","97.4422","1","1.65"
"Kylen Granson","IND","TE","9.1","5.5","3.5999999999999996","9.1","5.5","3.6","1","3","2.97","16","25.63","1","0.2496","0","0","0","0"
"Bijan Robinson","ATL","RB","19.2","17.1","2.099999999999998","19.2","17.1","2.1","1","4","3.92","48","26.57","0","0.0768","124","75.3526","0","0.75"
"Nick Westbrook-Ikhine","TEN","WR","10","7.2","2.8","10","7.2","2.8","1","3","2.13","25","22.09","1","0.6528","0","0","0","0"
"Jake Ferguson","DAL","TE","8.6","8.3","0.29999999999999893","8.6","8.3","0.3","1","3","2.94","11","16.21","1","0.8736","0","0","0","0"
"Chris Godwin","TB","WR","8.3","11.3","-3","8.3","11.3","-3","1","5","4.04","58","53.9","0","0.6432","0","0","0","0"
"Dallas Goedert","PHI","TE","5.2","8.1","-2.8999999999999995","5.2","8.1","-2.9","1","6","5.5","22","53.94","0","0","0","0","0","0"
"Samori Toure","GB","WR","1.1","2.2","-1.1","1.1","2.2","-1.1","1","1","1.26","6","15.25","0","0","0","0","0","0"
"Curtis Samuel","WAS","WR","4.7","4.2","0.5","4.7","4.2","0.5","1","3","2.46","19","24.9","0","0","13","3.1164","0","0.03"
"Jaylen Waddle","MIA","WR","10.4","9.1","1.3000000000000007","10.4","9.1","1.3","1","4","4.21","86","64.45","0","0.0096","-2","4.5472","0","0"
"Brandon Johnson","DEN","WR","19.6","5.8","13.8","19.6","5.8","13.8","1","2","1.77","66","25.73","2","0.384","0","0","0","0"
"Josh Reynolds","DET","WR","21.1","11.7","9.400000000000002","21.1","11.7","9.4","1","5","3.4","66","49.44","2","0.8448","0","0","0","0"
"Stefon Diggs","BUF","WR","10.1","9.6","0.5","10.1","9.6","0.5","1","7","5.2","66","46.11","0","0.4032","0","0","0","0"
"Zay Jones","JAX","WR","0","14.1","-14.1","0","14.1","-14.1","1","0","3.25","0","43.12","0","1.3648","0","0","0","0"
"Stone Smartt","LAC","TE","2.9","1.4","1.5","2.9","1.4","1.5","1","1","0.48","24","11.72","0","0","0","0","0","0"
"D'Andre Swift","PHI","RB","25.6","24","1.6000000000000014","25.6","24","1.6","1","3","2.72","6","15.94","0","0","175","114.4248","1","1.6"
"Demario Douglas","NE","WR","2.9","2.2","0.6999999999999997","2.9","2.2","0.7","1","2","1.75","19","13.41","0","0","0","0","0","0"
"John Metchie III","HST","WR","2.2","1.6","0.6000000000000001","2.2","1.6","0.6","1","1","0.65","17","12.3","0","0","0","0","0","0"
"Zach Ertz","ARZ","TE","8.6","12","-3.4000000000000004","8.6","12","-3.4","1","6","6.03","56","76.7","0","0.2208","0","0","0","0"
"Jonathan Mingo","CAR","WR","4.1","9.8","-5.700000000000001","4.1","9.8","-5.7","1","3","4.66","26","65.38","0","0.1632","0","0","0","0"
"Raheem Mostert","MIA","RB","25.2","12","13.2","25.2","12","13.2","1","1","0.92","6","5.22","0","0","121","77.959","2","0.54"
"DeAndre Hopkins","TEN","WR","6","6.2","-0.20000000000000018","6","6.2","-0.2","1","4","3.3","40","37.95","0","0.1248","0","0","0","0"
"Ezekiel Elliott","NE","RB","1.3","2.3","-0.9999999999999998","1.3","2.3","-1","1","0","0","0","0","0","0","13","22.1578","0","0.02"
"D.K. Metcalf","SEA","WR","10.5","9.6","0.9000000000000004","10.5","9.6","0.9","1","6","3.81","75","51.49","0","0.4224","0","0","0","0"
"JuJu Smith-Schuster","NE","WR","5.3","6","-0.7000000000000002","5.3","6","-0.7","1","5","3.85","28","27.17","0","0.2208","0","0","0","0"
"Darius Slayton","NYG","WR","7.7","9.9","-2.2","7.7","9.9","-2.2","1","3","3.38","62","72.64","0","0.1632","0","0","0","0"
"Kalif Raymond","DET","WR","12.7","5.7","6.999999999999999","12.7","5.7","7","1","2","1.71","46","27.22","1","0.2688","11","4.6648","0","0"
"Dyami Brown","WAS","WR","4","4.3","-0.2999999999999998","4","4.3","-0.3","1","3","2.24","25","25.68","0","0.096","0","0","0","0"
"Noah Fant","SEA","TE","7.6","5.9","1.6999999999999993","7.6","5.9","1.7","1","4","2.91","56","42.98","0","0.0288","0","0","0","0"
"Dalton Schultz","HST","TE","5.4","11.2","-5.799999999999999","5.4","11.2","-5.8","1","4","4.97","34","57.11","0","0.4992","0","0","0","0"
"Christian Kirk","JAX","WR","16.5","17.4","-0.8999999999999986","16.5","17.4","-0.9","1","11","11.2","110","114.86","0","0.048","0","0","0","0"
"Cole Kmet","CHI","TE","5.8","7.5","-1.7000000000000002","5.8","7.5","-1.7","1","4","4.37","38","52.19","0","0.0096","0","0","0","0"
"Jordan Akins","CLV","TE","0.7","0.8","-0.10000000000000009","0.7","0.8","-0.1","1","1","0.78","2","4.2","0","0","0","0","0","0"
"Michael Pittman Jr.","IND","WR","9.6","14.3","-4.700000000000001","9.6","14.3","-4.7","1","8","8.93","56","88.14","0","0.1728","0","0","0","0"
"Mack Hollins","ATL","WR","7.5","10","-2.5","7.5","10","-2.5","1","3","3.7","60","48.33","0","0.5568","0","0","0","0"
"Will Mallory","IND","TE","5.9","2","3.9000000000000004","5.9","2","3.9","1","2","0.96","49","15.13","0","0","0","0","0","0"
"Hayden Hurst","CAR","TE","3.5","4","-0.5","3.5","4","-0.5","1","3","2.37","20","20.96","0","0.1152","0","0","0","0"
"Romeo Doubs","GB","WR","4","4.7","-0.7000000000000002","4","4.7","-0.7","1","2","1.83","30","37.05","0","0.0096","0","0","0","0"
"Ronnie Rivers","LA","RB","0.9","1.1","-0.20000000000000007","0.9","1.1","-0.2","1","1","0.92","4","6.14","0","0.0096","0","0","0","0"
"Javonte Williams","DEN","RB","6.8","9.3","-2.500000000000001","6.8","9.3","-2.5","1","2","2.59","14","22.03","0","0.0192","44","54.2724","0","0.05"
"Keaontay Ingram","ARZ","RB","0.6","1","-0.4","0.6","1","-0.4","1","0","0","0","0","0","0","6","9.6432","0","0.01"
"Luke Musgrave","GB","TE","3.5","4.8","-1.2999999999999998","3.5","4.8","-1.3","1","2","2.34","25","24.23","0","0.2016","0","0","0","0"
"Keenan Allen","LAC","WR","27.1","17.4","9.700000000000003","27.1","17.4","9.7","1","8","6.05","111","72.83","2","1.1808","0","0","0","0"
"Brian Robinson","WAS","RB","25.9","14.4","11.499999999999998","25.9","14.4","11.5","1","2","1.94","42","10.12","0","0.0096","87","75.1366","2","0.81"
"Saquon Barkley","NYG","RB","24.2","20.7","3.5","24.2","20.7","3.5","1","6","6.01","29","40.43","1","0.2496","63","68.6298","1","0.89"
"Richie James","KC","WR","0","0.6","-0.6","0","0.6","-0.6","1","0","0.5","0","3.33","0","0","0","0","0","0"
"Matt Breida","NYG","RB","0.5","0.6","-0.09999999999999998","0.5","0.6","-0.1","1","0","0","0","0","0","0","5","4.1356","0","0.03"
"Elijah Moore","CLV","WR","5.6","11.4","-5.800000000000001","5.6","11.4","-5.8","1","3","4.83","36","75","0","0.1728","5","4.5178","0","0"
"Josiah Deguara","GB","TE","1.5","2.4","-0.8999999999999999","1.5","2.4","-0.9","1","2","1.73","5","10.92","0","0.0672","0","0","0","0"
"Ja'Marr Chase","CIN","WR","5.6","14.8","-9.200000000000001","5.6","14.8","-9.2","1","5","5.55","31","42.75","0","1.296","0","0","0","0"
"Dare Ogunbowale","HST","RB","0.4","1","-0.6","0.4","1","-0.6","1","0","0","0","0","0","0","4","7.2618","0","0.04"
"Tyler Allgeier","ATL","RB","4.8","8.3","-3.500000000000001","4.8","8.3","-3.5","1","0","0","0","0","0","0","48","67.3946","0","0.26"
"Justice Hill","BLT","RB","6.8","11.6","-4.8","6.8","11.6","-4.8","1","3","2.7","12","19.72","0","0","41","43.3164","0","0.65"
"Donovan Peoples-Jones","CLV","WR","1.2","3.8","-2.5999999999999996","1.2","3.8","-2.6","1","1","2.25","7","25.16","0","0.0192","0","0","0","0"
"Kenneth Walker III","SEA","RB","17.9","17.2","0.6999999999999993","17.9","17.2","0.7","1","1","0.82","11","6.8","0","0","43","61.927","2","1.65"
"Justin Watson","KC","WR","7.8","7.5","0.2999999999999998","7.8","7.5","0.3","1","3","2.44","63","57.51","0","0.0864","0","0","0","0"
"Michael Thomas","NO","WR","9","14.8","-5.800000000000001","9","14.8","-5.8","1","7","6","55","64.13","0","0.8928","0","0","0","0"
"Michael Gallup","DAL","WR","0.8","1.7","-0.8999999999999999","0.8","1.7","-0.9","1","1","0.98","3","11","0","0.0192","0","0","0","0"
"CeeDee Lamb","DAL","WR","19.8","15.1","4.700000000000001","19.8","15.1","4.7","1","11","9.14","143","100.15","0","0.0864","0","0","0","0"
"David Wells","TB","TE","1.1","2.5","-1.4","1.1","2.5","-1.4","1","2","1.76","1","13.71","0","0.048","0","0","0","0"
"Jalen Tolbert","DAL","WR","3.3","5.5","-2.2","3.3","5.5","-2.2","1","3","2.69","18","39.43","0","0.0288","0","0","0","0"
"Tony Pollard","DAL","RB","14.4","28.9","-14.499999999999998","14.4","28.9","-14.5","1","7","6.08","37","36.85","0","0.3648","72","97.6668","0","1.7"
"Gus Edwards","BLT","RB","12.2","7.1","5.1","12.2","7.1","5.1","1","0","0","0","0","0","0","62","38.387","1","0.54"
"Marquise Brown","ARZ","WR","14.4","15.3","-0.9000000000000004","14.4","15.3","-0.9","1","6","6.65","54","74.44","1","0.7584","0","0","0","0"
"Quentin Johnston","LAC","WR","1.2","4.4","-3.2","1.2","4.4","-3.2","1","1","1.21","7","14.79","0","0.3936","0","0","0","0"
"Mecole Hardman Jr.","NYJ","WR","1.1","1.3","-0.19999999999999996","1.1","1.3","-0.2","1","1","0.82","6","8.68","0","0","0","0","0","0"
"Craig Reynolds","DET","RB","1","3.9","-2.9","1","3.9","-2.9","1","1","0.93","-2","6.03","0","0.0096","7","12.201","0","0.26"
"Rondale Moore","ARZ","WR","1.9","0.9","0.9999999999999999","1.9","0.9","1","1","1","0.47","14","7.02","0","0","0","0","0","0"
"Kendrick Bourne","NE","WR","4.9","13","-8.1","4.9","13","-8.1","1","4","4.86","29","81.85","0","0.4032","0","0","0","0"
"Terry McLaurin","WAS","WR","13.9","9.1","4.800000000000001","13.9","9.1","4.8","1","5","4.17","54","49.91","1","0.336","0","0","0","0"
"Van Jefferson","LA","WR","1.4","5.6","-4.199999999999999","1.4","5.6","-4.2","1","1","2.05","9","34.55","0","0.192","0","0","0","0"
"Deuce Vaughn","DAL","RB","4.7","4.7","0","4.7","4.7","0","1","3","2.63","16","18.07","0","0.0096","16","12.446","0","0.05"
"Nick Chubb","CLV","RB","6.4","5.7","0.7000000000000002","6.4","5.7","0.7","1","0","0","0","0","0","0","64","43.4728","0","0.22"
"Ty Chandler","MIN","RB","1.9","2.5","-0.6000000000000001","1.9","2.5","-0.6","1","2","1.89","9","9.54","0","0.0192","0","4.655","0","0"
"Tyler Boyd","CIN","WR","8.2","9.5","-1.3000000000000007","8.2","9.5","-1.3","1","6","4.96","52","44.65","0","0.432","0","0","0","0"
"Jonnu Smith","ATL","TE","6.7","11.2","-4.499999999999999","6.7","11.2","-4.5","1","4","4.14","47","43.39","0","0.7968","0","0","0","0"
"Joshua Kelley","LAC","RB","3.9","8.5","-4.6","3.9","8.5","-4.6","1","0","0.83","0","8.45","0","0","39","57.6338","0","0.25"
"Chase Edmonds","TB","RB","1.2","1.2","0","1.2","1.2","0","1","0","0","0","0","0","0","12","7.9086","0","0.07"
"Donald Parham Jr.","LAC","TE","1.2","3.7","-2.5","1.2","3.7","-2.5","1","1","1.08","7","16.02","0","0.2592","0","0","0","0"
"Hunter Henry","NE","TE","14.2","11.9","2.299999999999999","14.2","11.9","2.3","1","6","4.89","52","57.83","1","0.6048","0","0","0","0"
"Antoine Green","DET","WR","0.7","1","-0.30000000000000004","0.7","1","-0.3","1","1","0.85","2","6.15","0","0","0","0","0","0"
"Isaiah Likely","BLT","TE","1.3","1.3","0","1.3","1.3","0","1","1","0.82","8","8.68","0","0","0","0","0","0"
"Isiah Pacheco","KC","RB","7.8","9.2","-1.3999999999999995","7.8","9.2","-1.4","1","1","1.76","0","11.03","0","0.0096","73","49.098","0","0.37"
"Chris Moore","TEN","WR","5.4","2.1","3.3000000000000003","5.4","2.1","3.3","1","1","0.36","49","18.86","0","0","0","0","0","0"
"Chuba Hubbard","CAR","RB","7.5","6.5","1","7.5","6.5","1","1","5","4.28","34","34.25","0","0.0096","16","8.9572","0","0"
"Kyle Pitts","ATL","TE","2.5","5.4","-2.9000000000000004","2.5","5.4","-2.9","1","2","2.72","15","38.39","0","0.0288","0","0","0","0"
"Chase Claypool","CHI","WR","11.1","8.4","2.6999999999999993","11.1","8.4","2.7","1","3","3.48","36","44.89","1","0.3552","0","0","0","0"
"Mo Alie-Cox","IND","TE","2","1.1","0.8999999999999999","2","1.1","0.9","1","1","0.91","15","6.15","0","0.0096","0","0","0","0"
"Miles Sanders","CAR","RB","6.2","12.7","-6.499999999999999","6.2","12.7","-6.5","1","3","3.87","4","32.27","0","0.144","43","61.1324","0","0.09"
"Latavius Murray","BUF","RB","10.1","12.5","-2.4000000000000004","10.1","12.5","-2.4","1","2","1.72","9","8.66","0","0.3648","22","17.5424","1","1.14"
"Allen Robinson II","PIT","WR","2.2","2.9","-0.6999999999999997","2.2","2.9","-0.7","1","2","2.03","12","19.22","0","0","0","0","0","0"
"Emari Demercado","ARZ","RB","1.5","2.6","-1.1","1.5","2.6","-1.1","1","2","1.76","7","8.72","0","0.0576","-2","4.2728","0","0.02"
"Nelson Agholor","BLT","WR","14.8","10.4","4.4","14.8","10.4","4.4","1","5","2.98","63","48.99","1","0.672","0","0","0","0"
"Tank Dell","HST","WR","15.8","13","2.8000000000000007","15.8","13","2.8","1","7","6.67","72","78.36","1","0.3072","-9","0","0","0"
"Jake Bobo","SEA","WR","0.8","1.1","-0.30000000000000004","0.8","1.1","-0.3","1","1","0.82","3","6.82","0","0","0","0","0","0"
"Michael Burton","DEN","RB","0.3","0.5","-0.2","0.3","0.5","-0.2","1","0","0","0","0","0","0","3","2.8126","0","0.03"
"Irv Smith Jr.","CIN","TE","2","7","-5","2","7","-5","1","2","2.47","10","29.68","0","0.4608","0","0","0","0"
"Sterling Shepard","NYG","WR","0.9","1.8","-0.9","0.9","1.8","-0.9","1","1","0.7","4","4.38","0","0.1632","0","0","0","0"
"Velus Jones Jr.","CHI","WR","-0.3","0.5","-0.8","-0.3","0.5","-0.8","1","0","0","0","0","0","0","-3","4.8608","0","0"
"DJ Chark Jr.","CAR","WR","2","1.5","0.5","2","1.5","0.5","1","1","0.76","15","10.72","0","0","0","0","0","0"
"Peyton Hendershot","DAL","TE","0","3","-3","0","3","-3","1","0","0","0","0","0","0","0","1","0","0.49"
"Dontayvion Wicks","GB","WR","11","7.8","3.2","11","7.8","3.2","1","2","2.13","40","37.77","1","0.4896","0","0","0","0"
"Josh Oliver","MIN","TE","2.3","3.4","-1.1","2.3","3.4","-1.1","1","2","2.62","13","19.39","0","0.0192","0","0","0","0"
"Allen Lazard","NYJ","WR","3.3","5.9","-2.6000000000000005","3.3","5.9","-2.6","1","2","2.14","23","48.15","0","0","0","0","0","0"
"Jaleel McLaughlin","DEN","RB","6.5","1.9","4.6","6.5","1.9","4.6","1","0","0","0","0","0","0","5","1.8816","1","0.29"
"Jahan Dotson","WAS","WR","3.7","5.3","-1.5999999999999996","3.7","5.3","-1.6","1","3","2.81","22","30.08","0","0.1536","0","0","0","0"
"Robert Woods","HST","WR","10.4","14.5","-4.1","10.4","14.5","-4.1","1","6","5.66","74","73.94","0","0.7104","0","0","0","0"
"Davante Adams","LV","WR","17.4","10.9","6.499999999999998","17.4","10.9","6.5","1","6","5.17","84","71.15","1","0.192","0","0","0","0"
"Breece Hall","NYJ","RB","0.9","4.1","-3.1999999999999997","0.9","4.1","-3.2","1","0","1.77","0","13.37","0","0","9","18.571","0","0"
"Mike Gesicki","NE","TE","5.7","7.4","-1.7000000000000002","5.7","7.4","-1.7","1","5","4.05","32","54.16","0","0","0","0","0","0"
"Drake London","ATL","WR","15.7","13.8","1.8999999999999986","15.7","13.8","1.9","1","6","5.5","67","62.97","1","0.7968","0","0","0","0"
"Darren Waller","NYG","TE","10.6","10.4","0.1999999999999993","10.6","10.4","0.2","1","6","4.93","76","61.14","0","0.2976","0","0","0","0"
"Zack Moss","IND","RB","18.7","13.8","4.899999999999999","18.7","13.8","4.9","1","4","3.46","19","23.85","0","0.1152","88","81.2812","1","0.14"
"Boston Scott","PHI","RB","4","2.2","1.7999999999999998","4","2.2","1.8","1","0","0","0","0","0","0","40","20.7466","0","0.02"
"Taysom Hill","NO","TE","7.9","8","-0.09999999999999964","7.9","8","-0.1","1","1","0.94","-1","3.51","0","0","75","36.2306","0","0.6"
"George Kittle","SF","TE","4.5","3.8","0.7000000000000002","4.5","3.8","0.7","1","3","2.36","30","25.86","0","0","0","0","0","0"
"Dalvin Cook","NYJ","RB","1.7","2.7","-1.0000000000000002","1.7","2.7","-1","1","1","0.99","5","4.62","0","0","7","17.0324","0","0"
"DeeJay Dallas","SEA","RB","0.3","0.5","-0.2","0.3","0.5","-0.2","1","0","0","0","0","0","0","3","4.6648","0","0"
"DeAndre Carter","LV","WR","0","1.4","-1.4","0","1.4","-1.4","1","0","0.47","0","7.44","0","0.0768","0","0","0","0"
"Adam Thielen","CAR","WR","14.9","13.1","1.8000000000000007","14.9","13.1","1.8","1","7","6.67","54","71.47","1","0.4416","0","0","0","0"
"James Conner","ARZ","RB","16.6","14.8","1.8000000000000007","16.6","14.8","1.8","1","0","0","0","0","0","0","106","96.0792","1","0.86"
"Parris Campbell","NYG","WR","4.1","7.7","-3.6000000000000005","4.1","7.7","-3.6","1","4","4.4","21","35.88","0","0.3168","0","0","0","0"
"Travis Kelce","KC","TE","10.6","13.4","-2.8000000000000007","10.6","13.4","-2.8","1","4","5.2","26","38.63","1","1.1616","0","0","0","0"
"Marvin Mims Jr.","DEN","WR","19.3","5.6","13.700000000000001","19.3","5.6","13.7","1","2","0.64","113","34.75","1","0.1056","10","7.8204","0","0.07"
"Harrison Bryant","CLV","TE","0","2.2","-2.2","0","2.2","-2.2","1","0","1.58","0","13.88","0","0","0","0","0","0"
"Pierre Strong Jr.","CLV","RB","6.1","6.7","-0.6000000000000005","6.1","6.7","-0.6","1","0","0.5","0","3.42","0","0","1","2","1","0.98"
"Joe Mixon","CIN","RB","11.5","15.3","-3.8000000000000007","11.5","15.3","-3.8","1","4","4.55","36","28.04","0","0.192","59","50.0976","0","0.68"
"Pat Freiermuth","PIT","TE","0.7","1","-0.30000000000000004","0.7","1","-0.3","1","1","0.97","2","5.01","0","0","0","0","0","0"
"Mike Evans","TB","WR","26.1","10.7","15.400000000000002","26.1","10.7","15.4","1","6","4.84","171","70.96","1","0.192","0","0","0","0"
"Lil'Jordan Humphrey","DEN","WR","0.9","3.6","-2.7","0.9","3.6","-2.7","1","1","1.27","4","16.32","0","0.2208","0","0","0","0"
"Tony Jones Jr.","NO","RB","15.4","15","0.40000000000000036","15.4","15","0.4","1","0","0.74","0","3.7","0","0.3744","34","41.3168","2","1.31"
"Roschon Johnson","CHI","RB","5.2","3.7","1.5","5.2","3.7","1.5","1","2","1.83","10","9.71","0","0","32","18.326","0","0"
"Josh Downs","IND","WR","5.7","6","-0.2999999999999998","5.7","6","-0.3","1","4","3.61","37","32.38","0","0.1536","0","0","0","0"
"Jerry Jeudy","DEN","WR","4","6.1","-2.0999999999999996","4","6.1","-2.1","1","3","3.62","25","42.24","0","0.0192","0","0","0","0"
"Laviska Shenault Jr.","CAR","WR","0.7","0.5","0.19999999999999996","0.7","0.5","0.2","1","0","0","0","0","0","0","7","4.8902","0","0"
"Trevon Wesco","TEN","TE","0","1.3","-1.3","0","1.3","-1.3","1","0","0.84","0","8.6","0","0","0","0","0","0"
"Gerald Everett","LAC","TE","6.2","4.9","1.2999999999999998","6.2","4.9","1.3","1","3","2.27","47","25.11","0","0.2112","0","0","0","0"
"D'Ernest Johnson","JAX","RB","2.2","1.4","0.8000000000000003","2.2","1.4","0.8","1","1","0.72","9","5.85","0","0","8","4.851","0","0"
"Jauan Jennings","SF","WR","6.1","4.9","1.1999999999999993","6.1","4.9","1.2","1","2","1.64","51","39.01","0","0.0288","0","0","0","0"
"Dalton Kincaid","BUF","TE","6.8","10.3","-3.500000000000001","6.8","10.3","-3.5","1","5","4.3","43","42.66","0","0.6528","0","0","0","0"
"Jayden Reed","GB","WR","17.7","10","7.699999999999999","17.7","10","7.7","1","4","4.56","37","39.05","2","0.6432","0","0","0","0"
"Juwan Johnson","NO","TE","2.3","3.7","-1.4000000000000004","2.3","3.7","-1.4","1","2","2.12","13","15.93","0","0.1728","0","0","0","0"
"Evan Engram","JAX","TE","8.7","9.4","-0.7000000000000011","8.7","9.4","-0.7","1","6","6.29","57","54.81","0","0.1344","0","0","0","0"
"David Bell","CLV","WR","4.2","3.2","1","4.2","3.2","1","1","3","2.43","27","19.81","0","0","0","0","0","0"
"Tyler Lockett","SEA","WR","21.9","18.8","3.099999999999998","21.9","18.8","3.1","1","8","6.26","59","65.7","2","1.5168","0","0","0","0"
"Robert Tonyan","CHI","TE","0","2.4","-2.4","0","2.4","-2.4","1","0","1.3","0","17.61","0","0","0","0","0","0"
"Rashod Bateman","BLT","WR","3.3","3.9","-0.6000000000000001","3.3","3.9","-0.6","1","3","2.35","18","26.57","0","0.0096","0","0","0","0"
"River Cracraft","MIA","WR","4.4","2.8","1.6000000000000005","4.4","2.8","1.6","1","2","1.49","34","19.88","0","0.0192","0","0","0","0"
"Braxton Berrios","MIA","WR","3.8","6.8","-3","3.8","6.8","-3","1","2","2.64","28","24.71","0","0.5088","0","0","0","0"
"Mark Andrews","BLT","TE","13","11.2","1.8000000000000007","13","11.2","1.8","1","5","5.69","45","56.8","1","0.4512","0","0","0","0"
"Treylon Burks","TEN","WR","9.1","8.5","0.5999999999999996","9.1","8.5","0.6","1","3","2.35","76","39.96","0","0.5568","0","0","0","0"
"Will Dissly","SEA","TE","5","3.8","1.2000000000000002","5","3.8","1.2","1","3","2.42","35","19.43","0","0.1152","0","0","0","0"
"K.J. Osborn","MIN","WR","10.9","9.9","1","10.9","9.9","1","1","3","4.01","34","51.84","1","0.4512","0","0","0","0"
"Emanuel Wilson","GB","RB","0.5","1.5","-1","0.5","1.5","-1","1","0","0","0","0","0","0","5","12.9262","0","0.04"
"Alexander Mattison","MIN","RB","5.3","9.1","-3.8","5.3","9.1","-3.8","1","3","4.35","11","30.07","0","0","27","36.9264","0","0.03"
"KaVontae Turpin","DAL","WR","2","1.7","0.30000000000000004","2","1.7","0.3","1","1","0.85","9","8.19","0","0","6","4.6354","0","0"
"Miles Boykin","PIT","WR","1","1.1","-0.10000000000000009","1","1.1","-0.1","1","1","0.78","5","7.44","0","0","0","0","0","0"
"A.J. Brown","PHI","WR","4.9","9.6","-4.699999999999999","4.9","9.6","-4.7","1","4","4.04","29","40.78","0","0.576","0","0","0","0"
"Courtland Sutton","DEN","WR","9.1","9.5","-0.40000000000000036","9.1","9.5","-0.4","1","5","4.56","66","65.66","0","0.1152","0","0","0","0"
"Trayveon Williams","CIN","RB","1.4","2.9","-1.5","1.4","2.9","-1.5","1","2","1.92","4","8.23","0","0.192","0","0","0","0"
"Calvin Austin III","PIT","WR","1.3","5.7","-4.4","1.3","5.7","-4.4","1","1","2.18","10","39.49","0","0.0384","-2","4.4002","0","0"
"Khalil Shakir","BUF","WR","7.6","2.6","5","7.6","2.6","5","1","1","0.68","11","5.76","1","0.2784","0","0","0","0"
"Brandon Aiyuk","SF","WR","5.8","8.1","-2.3","5.8","8.1","-2.3","1","3","3.26","43","43.92","0","0.3456","0","0","0","0"
"Derius Davis","LAC","WR","1","0.4","0.6","1","0.4","0.6","1","0","0","0","0","0","0","10","3.6162","0","0"
"Jordan Addison","MIN","WR","14.7","7.5","7.199999999999999","14.7","7.5","7.2","1","3","2.68","72","49.96","1","0.2016","0","0","0","0"
"Ben Skowronek","LA","WR","2.6","1.7","0.9000000000000001","2.6","1.7","0.9","1","1","0.87","10","7.84","0","0","11","4.606","0","0"